13:46:25 **** Build of project part2_bsp ****
make -k all 
"Running Make include in microblaze_0/libsrc/bram_v4_2/src"
make -C microblaze_0/libsrc/bram_v4_2/src -s include  "SHELL=CMD" "COMPILER=mb-gcc" "ARCHIVER=mb-ar" "COMPILER_FLAGS=  -O2 -c -mcpu=v10.0 -mlittle-endian -mxl-soft-mul" "EXTRA_COMPILER_FLAGS=-ffunction-sections -fdata-sections -Wall -Wextra"
"Running Make include in microblaze_0/libsrc/cpu_v2_7/src"
make -C microblaze_0/libsrc/cpu_v2_7/src -s include  "SHELL=CMD" "COMPILER=mb-gcc" "ARCHIVER=mb-ar" "COMPILER_FLAGS=  -O2 -c -mcpu=v10.0 -mlittle-endian -mxl-soft-mul" "EXTRA_COMPILER_FLAGS=-ffunction-sections -fdata-sections -Wall -Wextra"
"Running Make include in microblaze_0/libsrc/gpio_v4_3/src"
make -C microblaze_0/libsrc/gpio_v4_3/src -s include  "SHELL=CMD" "COMPILER=mb-gcc" "ARCHIVER=mb-ar" "COMPILER_FLAGS=  -O2 -c -mcpu=v10.0 -mlittle-endian -mxl-soft-mul" "EXTRA_COMPILER_FLAGS=-ffunction-sections -fdata-sections -Wall -Wextra"
"Running Make include in microblaze_0/libsrc/PmodKYPD_v1_0/src"
make -C microblaze_0/libsrc/PmodKYPD_v1_0/src -s include  "SHELL=CMD" "COMPILER=mb-gcc" "ARCHIVER=mb-ar" "COMPILER_FLAGS=  -O2 -c -mcpu=v10.0 -mlittle-endian -mxl-soft-mul" "EXTRA_COMPILER_FLAGS=-ffunction-sections -fdata-sections -Wall -Wextra"
"Running Make include in microblaze_0/libsrc/standalone_v6_7/src"
make -C microblaze_0/libsrc/standalone_v6_7/src -s include  "SHELL=CMD" "COMPILER=mb-gcc" "ARCHIVER=mb-ar" "COMPILER_FLAGS=  -O2 -c -mcpu=v10.0 -mlittle-endian -mxl-soft-mul" "EXTRA_COMPILER_FLAGS=-ffunction-sections -fdata-sections -Wall -Wextra"
"Running Make include in microblaze_0/libsrc/uartlite_v3_2/src"
make -C microblaze_0/libsrc/uartlite_v3_2/src -s include  "SHELL=CMD" "COMPILER=mb-gcc" "ARCHIVER=mb-ar" "COMPILER_FLAGS=  -O2 -c -mcpu=v10.0 -mlittle-endian -mxl-soft-mul" "EXTRA_COMPILER_FLAGS=-ffunction-sections -fdata-sections -Wall -Wextra"
"Running Make libs in microblaze_0/libsrc/bram_v4_2/src"
make -C microblaze_0/libsrc/bram_v4_2/src -s libs  "SHELL=CMD" "COMPILER=mb-gcc" "ARCHIVER=mb-ar" "COMPILER_FLAGS=  -O2 -c -mcpu=v10.0 -mlittle-endian -mxl-soft-mul" "EXTRA_COMPILER_FLAGS=-ffunction-sections -fdata-sections -Wall -Wextra"
"Compiling bram"
mb-ar: creating ../../../lib/libxil.a
"Running Make libs in microblaze_0/libsrc/cpu_v2_7/src"
make -C microblaze_0/libsrc/cpu_v2_7/src -s libs  "SHELL=CMD" "COMPILER=mb-gcc" "ARCHIVER=mb-ar" "COMPILER_FLAGS=  -O2 -c -mcpu=v10.0 -mlittle-endian -mxl-soft-mul" "EXTRA_COMPILER_FLAGS=-ffunction-sections -fdata-sections -Wall -Wextra"
"Compiling cpu"
"Running Make libs in microblaze_0/libsrc/gpio_v4_3/src"
make -C microblaze_0/libsrc/gpio_v4_3/src -s libs  "SHELL=CMD" "COMPILER=mb-gcc" "ARCHIVER=mb-ar" "COMPILER_FLAGS=  -O2 -c -mcpu=v10.0 -mlittle-endian -mxl-soft-mul" "EXTRA_COMPILER_FLAGS=-ffunction-sections -fdata-sections -Wall -Wextra"
"Compiling gpio"
"Running Make libs in microblaze_0/libsrc/PmodKYPD_v1_0/src"
make -C microblaze_0/libsrc/PmodKYPD_v1_0/src -s libs  "SHELL=CMD" "COMPILER=mb-gcc" "ARCHIVER=mb-ar" "COMPILER_FLAGS=  -O2 -c -mcpu=v10.0 -mlittle-endian -mxl-soft-mul" "EXTRA_COMPILER_FLAGS=-ffunction-sections -fdata-sections -Wall -Wextra"
"Compiling PmodKYPD..."
"Running Make libs in microblaze_0/libsrc/standalone_v6_7/src"
make -C microblaze_0/libsrc/standalone_v6_7/src -s libs  "SHELL=CMD" "COMPILER=mb-gcc" "ARCHIVER=mb-ar" "COMPILER_FLAGS=  -O2 -c -mcpu=v10.0 -mlittle-endian -mxl-soft-mul" "EXTRA_COMPILER_FLAGS=-ffunction-sections -fdata-sections -Wall -Wextra"
"Compiling standalone";
microblaze_sleep.c:74:9: note: #pragma message: For the sleep routines, assembly instructions are used
 #pragma message ("For the sleep routines, assembly instructions are used")
         ^~~~~~~
"Running Make libs in microblaze_0/libsrc/uartlite_v3_2/src"
make -C microblaze_0/libsrc/uartlite_v3_2/src -s libs  "SHELL=CMD" "COMPILER=mb-gcc" "ARCHIVER=mb-ar" "COMPILER_FLAGS=  -O2 -c -mcpu=v10.0 -mlittle-endian -mxl-soft-mul" "EXTRA_COMPILER_FLAGS=-ffunction-sections -fdata-sections -Wall -Wextra"
"Compiling uartlite"
'Finished building libraries'
13:46:34 **** Build of configuration Debug for project part2 ****
make all 
'Building file: ../src/helloworld.c'
'Invoking: MicroBlaze gcc compiler'
mb-gcc -Wall -O0 -g3 -c -fmessage-length=0 -MT"src/helloworld.o" -I../../part2_bsp/microblaze_0/include -mlittle-endian -mcpu=v10.0 -mxl-soft-mul -Wl,--no-relax -ffunction-sections -fdata-sections -MMD -MP -MF"src/helloworld.d" -MT"src/helloworld.o" -o "src/helloworld.o" "../src/helloworld.c"
'Finished building: ../src/helloworld.c'
' '
'Building file: ../src/platform.c'
'Invoking: MicroBlaze gcc compiler'
mb-gcc -Wall -O0 -g3 -c -fmessage-length=0 -MT"src/platform.o" -I../../part2_bsp/microblaze_0/include -mlittle-endian -mcpu=v10.0 -mxl-soft-mul -Wl,--no-relax -ffunction-sections -fdata-sections -MMD -MP -MF"src/platform.d" -MT"src/platform.o" -o "src/platform.o" "../src/platform.c"
'Finished building: ../src/platform.c'
' '
'Building target: part2.elf'
'Invoking: MicroBlaze gcc linker'
mb-gcc -Wl,-T -Wl,../src/lscript.ld -L../../part2_bsp/microblaze_0/lib -mlittle-endian -mcpu=v10.0 -mxl-soft-mul -Wl,--no-relax -Wl,--gc-sections -o "part2.elf"  ./src/helloworld.o ./src/platform.o   -Wl,--start-group,-lxil,-lgcc,-lc,--end-group
'Finished building target: part2.elf'
' '
'Invoking: MicroBlaze Print Size'
mb-size part2.elf  |tee "part2.elf.size"
   text	   data	    bss	    dec	    hex	filename
   2712	    268	   3108	   6088	   17c8	part2.elf
'Finished building: part2.elf.size'
' '
13:46:36 **** Auto Build of configuration Debug for project part2 ****
make all 
make: Nothing to be done for `all'.
13:52:01 **** Auto Build of configuration Debug for project part2 ****
make all 
'Building file: ../src/helloworld.c'
'Invoking: MicroBlaze gcc compiler'
mb-gcc -Wall -O0 -g3 -c -fmessage-length=0 -MT"src/helloworld.o" -I../../part2_bsp/microblaze_0/include -mlittle-endian -mcpu=v10.0 -mxl-soft-mul -Wl,--no-relax -ffunction-sections -fdata-sections -MMD -MP -MF"src/helloworld.d" -MT"src/helloworld.o" -o "src/helloworld.o" "../src/helloworld.c"
../src/helloworld.c: In function 'main':
../src/helloworld.c:61:16: warning: passing argument 1 of 'xil_printf' makes pointer from integer without a cast [-Wint-conversion]
     xil_printf(a);
                ^
In file included from c:\xilinx\sdk\2018.2\gnu\microblaze\nt\microblaze-xilinx-elf\include\stdio.h:29:0,
                 from ../src/helloworld.c:48:
c:\xilinx\sdk\2018.2\gnu\microblaze\nt\microblaze-xilinx-elf\include\stdio.h:229:9: note: expected 'const char *' but argument is of type 'int'
 void    _EXFUN(xil_printf, (const char*, ...));
         ^
'Finished building: ../src/helloworld.c'
' '
'Building target: part2.elf'
'Invoking: MicroBlaze gcc linker'
mb-gcc -Wl,-T -Wl,../src/lscript.ld -L../../part2_bsp/microblaze_0/lib -mlittle-endian -mcpu=v10.0 -mxl-soft-mul -Wl,--no-relax -Wl,--gc-sections -o "part2.elf"  ./src/helloworld.o ./src/platform.o   -Wl,--start-group,-lxil,-lgcc,-lc,--end-group
'Finished building target: part2.elf'
' '
'Invoking: MicroBlaze Print Size'
mb-size part2.elf  |tee "part2.elf.size"
   text	   data	    bss	    dec	    hex	filename
 123476	   1440	   3188	 128104	  1f468	part2.elf
'Finished building: part2.elf.size'
' '
13:52:11 **** Incremental Build of configuration Debug for project part2 ****
make all 
make: Nothing to be done for `all'.
13:52:29 **** Incremental Build of configuration Debug for project part2 ****
make all 
make: Nothing to be done for `all'.
13:53:09 **** Auto Build of configuration Debug for project part2 ****
make all 
'Building file: ../src/helloworld.c'
'Invoking: MicroBlaze gcc compiler'
mb-gcc -Wall -O0 -g3 -c -fmessage-length=0 -MT"src/helloworld.o" -I../../part2_bsp/microblaze_0/include -mlittle-endian -mcpu=v10.0 -mxl-soft-mul -Wl,--no-relax -ffunction-sections -fdata-sections -MMD -MP -MF"src/helloworld.d" -MT"src/helloworld.o" -o "src/helloworld.o" "../src/helloworld.c"
../src/helloworld.c: In function 'main':
../src/helloworld.c:61:16: warning: passing argument 1 of 'xil_printf' makes pointer from integer without a cast [-Wint-conversion]
     xil_printf(a);
                ^
In file included from c:\xilinx\sdk\2018.2\gnu\microblaze\nt\microblaze-xilinx-elf\include\stdio.h:29:0,
                 from ../src/helloworld.c:48:
c:\xilinx\sdk\2018.2\gnu\microblaze\nt\microblaze-xilinx-elf\include\stdio.h:229:9: note: expected 'const char *' but argument is of type 'int'
 void    _EXFUN(xil_printf, (const char*, ...));
         ^
'Finished building: ../src/helloworld.c'
' '
'Building target: part2.elf'
'Invoking: MicroBlaze gcc linker'
mb-gcc -Wl,-T -Wl,../src/lscript.ld -L../../part2_bsp/microblaze_0/lib -mlittle-endian -mcpu=v10.0 -mxl-soft-mul -Wl,--no-relax -Wl,--gc-sections -o "part2.elf"  ./src/helloworld.o ./src/platform.o   -Wl,--start-group,-lxil,-lgcc,-lc,--end-group
'Finished building target: part2.elf'
' '
'Invoking: MicroBlaze Print Size'
mb-size part2.elf  |tee "part2.elf.size"
   text	   data	    bss	    dec	    hex	filename
  23640	   1312	   3168	  28120	   6dd8	part2.elf
'Finished building: part2.elf.size'
' '
13:53:13 **** Incremental Build of configuration Debug for project part2 ****
make all 
make: Nothing to be done for `all'.
13:53:43 **** Incremental Build of configuration Debug for project part2 ****
make all 
make: Nothing to be done for `all'.
12:26:51 **** Auto Build of project part2_bsp ****
make -k all 
"Running Make include in microblaze_0/libsrc/bram_v4_2/src"
make -C microblaze_0/libsrc/bram_v4_2/src -s include  "SHELL=CMD" "COMPILER=mb-gcc" "ARCHIVER=mb-ar" "COMPILER_FLAGS=  -O2 -c -mcpu=v10.0 -mlittle-endian -mxl-soft-mul" "EXTRA_COMPILER_FLAGS=-ffunction-sections -fdata-sections -Wall -Wextra"
"Running Make include in microblaze_0/libsrc/cpu_v2_7/src"
make -C microblaze_0/libsrc/cpu_v2_7/src -s include  "SHELL=CMD" "COMPILER=mb-gcc" "ARCHIVER=mb-ar" "COMPILER_FLAGS=  -O2 -c -mcpu=v10.0 -mlittle-endian -mxl-soft-mul" "EXTRA_COMPILER_FLAGS=-ffunction-sections -fdata-sections -Wall -Wextra"
"Running Make include in microblaze_0/libsrc/gpio_v4_3/src"
make -C microblaze_0/libsrc/gpio_v4_3/src -s include  "SHELL=CMD" "COMPILER=mb-gcc" "ARCHIVER=mb-ar" "COMPILER_FLAGS=  -O2 -c -mcpu=v10.0 -mlittle-endian -mxl-soft-mul" "EXTRA_COMPILER_FLAGS=-ffunction-sections -fdata-sections -Wall -Wextra"
"Running Make include in microblaze_0/libsrc/PmodKYPD_v1_0/src"
make -C microblaze_0/libsrc/PmodKYPD_v1_0/src -s include  "SHELL=CMD" "COMPILER=mb-gcc" "ARCHIVER=mb-ar" "COMPILER_FLAGS=  -O2 -c -mcpu=v10.0 -mlittle-endian -mxl-soft-mul" "EXTRA_COMPILER_FLAGS=-ffunction-sections -fdata-sections -Wall -Wextra"
"Running Make include in microblaze_0/libsrc/standalone_v6_7/src"
make -C microblaze_0/libsrc/standalone_v6_7/src -s include  "SHELL=CMD" "COMPILER=mb-gcc" "ARCHIVER=mb-ar" "COMPILER_FLAGS=  -O2 -c -mcpu=v10.0 -mlittle-endian -mxl-soft-mul" "EXTRA_COMPILER_FLAGS=-ffunction-sections -fdata-sections -Wall -Wextra"
"Running Make include in microblaze_0/libsrc/uartlite_v3_2/src"
make -C microblaze_0/libsrc/uartlite_v3_2/src -s include  "SHELL=CMD" "COMPILER=mb-gcc" "ARCHIVER=mb-ar" "COMPILER_FLAGS=  -O2 -c -mcpu=v10.0 -mlittle-endian -mxl-soft-mul" "EXTRA_COMPILER_FLAGS=-ffunction-sections -fdata-sections -Wall -Wextra"
"Running Make libs in microblaze_0/libsrc/bram_v4_2/src"
make -C microblaze_0/libsrc/bram_v4_2/src -s libs  "SHELL=CMD" "COMPILER=mb-gcc" "ARCHIVER=mb-ar" "COMPILER_FLAGS=  -O2 -c -mcpu=v10.0 -mlittle-endian -mxl-soft-mul" "EXTRA_COMPILER_FLAGS=-ffunction-sections -fdata-sections -Wall -Wextra"
"Compiling bram"
mb-ar: creating ../../../lib/libxil.a
"Running Make libs in microblaze_0/libsrc/cpu_v2_7/src"
make -C microblaze_0/libsrc/cpu_v2_7/src -s libs  "SHELL=CMD" "COMPILER=mb-gcc" "ARCHIVER=mb-ar" "COMPILER_FLAGS=  -O2 -c -mcpu=v10.0 -mlittle-endian -mxl-soft-mul" "EXTRA_COMPILER_FLAGS=-ffunction-sections -fdata-sections -Wall -Wextra"
"Compiling cpu"
"Running Make libs in microblaze_0/libsrc/gpio_v4_3/src"
make -C microblaze_0/libsrc/gpio_v4_3/src -s libs  "SHELL=CMD" "COMPILER=mb-gcc" "ARCHIVER=mb-ar" "COMPILER_FLAGS=  -O2 -c -mcpu=v10.0 -mlittle-endian -mxl-soft-mul" "EXTRA_COMPILER_FLAGS=-ffunction-sections -fdata-sections -Wall -Wextra"
"Compiling gpio"
"Running Make libs in microblaze_0/libsrc/PmodKYPD_v1_0/src"
make -C microblaze_0/libsrc/PmodKYPD_v1_0/src -s libs  "SHELL=CMD" "COMPILER=mb-gcc" "ARCHIVER=mb-ar" "COMPILER_FLAGS=  -O2 -c -mcpu=v10.0 -mlittle-endian -mxl-soft-mul" "EXTRA_COMPILER_FLAGS=-ffunction-sections -fdata-sections -Wall -Wextra"
"Compiling PmodKYPD..."
"Running Make libs in microblaze_0/libsrc/standalone_v6_7/src"
make -C microblaze_0/libsrc/standalone_v6_7/src -s libs  "SHELL=CMD" "COMPILER=mb-gcc" "ARCHIVER=mb-ar" "COMPILER_FLAGS=  -O2 -c -mcpu=v10.0 -mlittle-endian -mxl-soft-mul" "EXTRA_COMPILER_FLAGS=-ffunction-sections -fdata-sections -Wall -Wextra"
"Compiling standalone";
microblaze_sleep.c:74:9: note: #pragma message: For the sleep routines, assembly instructions are used
 #pragma message ("For the sleep routines, assembly instructions are used")
         ^~~~~~~
"Running Make libs in microblaze_0/libsrc/uartlite_v3_2/src"
make -C microblaze_0/libsrc/uartlite_v3_2/src -s libs  "SHELL=CMD" "COMPILER=mb-gcc" "ARCHIVER=mb-ar" "COMPILER_FLAGS=  -O2 -c -mcpu=v10.0 -mlittle-endian -mxl-soft-mul" "EXTRA_COMPILER_FLAGS=-ffunction-sections -fdata-sections -Wall -Wextra"
"Compiling uartlite"
'Finished building libraries'
12:27:00 **** Auto Build of configuration Debug for project part2 ****
make all 
'Building file: ../src/helloworld.c'
'Invoking: MicroBlaze gcc compiler'
mb-gcc -Wall -O0 -g3 -c -fmessage-length=0 -MT"src/helloworld.o" -I../../part2_bsp/microblaze_0/include -mlittle-endian -mcpu=v10.0 -mxl-soft-mul -Wl,--no-relax -ffunction-sections -fdata-sections -MMD -MP -MF"src/helloworld.d" -MT"src/helloworld.o" -o "src/helloworld.o" "../src/helloworld.c"
../src/helloworld.c: In function 'main':
../src/helloworld.c:61:16: warning: passing argument 1 of 'xil_printf' makes pointer from integer without a cast [-Wint-conversion]
     xil_printf(a);
                ^
In file included from c:\xilinx\sdk\2018.2\gnu\microblaze\nt\microblaze-xilinx-elf\include\stdio.h:29:0,
                 from ../src/helloworld.c:48:
c:\xilinx\sdk\2018.2\gnu\microblaze\nt\microblaze-xilinx-elf\include\stdio.h:229:9: note: expected 'const char *' but argument is of type 'int'
 void    _EXFUN(xil_printf, (const char*, ...));
         ^
'Finished building: ../src/helloworld.c'
' '
'Building file: ../src/platform.c'
'Invoking: MicroBlaze gcc compiler'
mb-gcc -Wall -O0 -g3 -c -fmessage-length=0 -MT"src/platform.o" -I../../part2_bsp/microblaze_0/include -mlittle-endian -mcpu=v10.0 -mxl-soft-mul -Wl,--no-relax -ffunction-sections -fdata-sections -MMD -MP -MF"src/platform.d" -MT"src/platform.o" -o "src/platform.o" "../src/platform.c"
'Finished building: ../src/platform.c'
' '
'Building target: part2.elf'
'Invoking: MicroBlaze gcc linker'
mb-gcc -Wl,-T -Wl,../src/lscript.ld -L../../part2_bsp/microblaze_0/lib -mlittle-endian -mcpu=v10.0 -mxl-soft-mul -Wl,--no-relax -Wl,--gc-sections -o "part2.elf"  ./src/helloworld.o ./src/platform.o   -Wl,--start-group,-lxil,-lgcc,-lc,--end-group
'Finished building target: part2.elf'
' '
'Invoking: MicroBlaze Print Size'
mb-size part2.elf  |tee "part2.elf.size"
   text	   data	    bss	    dec	    hex	filename
  23640	   1312	   3168	  28120	   6dd8	part2.elf
'Finished building: part2.elf.size'
' '
12:28:42 **** Incremental Build of configuration Debug for project part2 ****
make all 
make: Nothing to be done for `all'.
12:29:19 **** Auto Build of configuration Debug for project part2 ****
make all 
'Building file: ../src/helloworld.c'
'Invoking: MicroBlaze gcc compiler'
mb-gcc -Wall -O0 -g3 -c -fmessage-length=0 -MT"src/helloworld.o" -I../../part2_bsp/microblaze_0/include -mlittle-endian -mcpu=v10.0 -mxl-soft-mul -Wl,--no-relax -ffunction-sections -fdata-sections -MMD -MP -MF"src/helloworld.d" -MT"src/helloworld.o" -o "src/helloworld.o" "../src/helloworld.c"
../src/helloworld.c: In function 'main':
../src/helloworld.c:61:16: warning: passing argument 1 of 'xil_printf' makes pointer from integer without a cast [-Wint-conversion]
     xil_printf(a);
                ^
In file included from c:\xilinx\sdk\2018.2\gnu\microblaze\nt\microblaze-xilinx-elf\include\stdio.h:29:0,
                 from ../src/helloworld.c:48:
c:\xilinx\sdk\2018.2\gnu\microblaze\nt\microblaze-xilinx-elf\include\stdio.h:229:9: note: expected 'const char *' but argument is of type 'int'
 void    _EXFUN(xil_printf, (const char*, ...));
         ^
'Finished building: ../src/helloworld.c'
' '
'Building target: part2.elf'
'Invoking: MicroBlaze gcc linker'
mb-gcc -Wl,-T -Wl,../src/lscript.ld -L../../part2_bsp/microblaze_0/lib -mlittle-endian -mcpu=v10.0 -mxl-soft-mul -Wl,--no-relax -Wl,--gc-sections -o "part2.elf"  ./src/helloworld.o ./src/platform.o   -Wl,--start-group,-lxil,-lgcc,-lc,--end-group
'Finished building target: part2.elf'
' '
'Invoking: MicroBlaze Print Size'
mb-size part2.elf  |tee "part2.elf.size"
   text	   data	    bss	    dec	    hex	filename
  23672	   1312	   3168	  28152	   6df8	part2.elf
'Finished building: part2.elf.size'
' '
12:29:53 **** Incremental Build of configuration Debug for project part2 ****
make all 
make: Nothing to be done for `all'.
12:34:32 **** Incremental Build of configuration Debug for project part2 ****
make all 
make: Nothing to be done for `all'.
12:35:09 **** Incremental Build of configuration Debug for project part2 ****
make all 
make: Nothing to be done for `all'.
12:36:37 **** Incremental Build of configuration Debug for project part2 ****
make all 
make: Nothing to be done for `all'.
12:38:33 **** Auto Build of configuration Debug for project part2 ****
make all 
'Building file: ../src/helloworld.c'
'Invoking: MicroBlaze gcc compiler'
mb-gcc -Wall -O0 -g3 -c -fmessage-length=0 -MT"src/helloworld.o" -I../../part2_bsp/microblaze_0/include -mlittle-endian -mcpu=v10.0 -mxl-soft-mul -Wl,--no-relax -ffunction-sections -fdata-sections -MMD -MP -MF"src/helloworld.d" -MT"src/helloworld.o" -o "src/helloworld.o" "../src/helloworld.c"
../src/helloworld.c: In function 'main':
../src/helloworld.c:60:16: warning: passing argument 1 of 'xil_printf' makes pointer from integer without a cast [-Wint-conversion]
     xil_printf(a);
                ^
In file included from c:\xilinx\sdk\2018.2\gnu\microblaze\nt\microblaze-xilinx-elf\include\stdio.h:29:0,
                 from ../src/helloworld.c:48:
c:\xilinx\sdk\2018.2\gnu\microblaze\nt\microblaze-xilinx-elf\include\stdio.h:229:9: note: expected 'const char *' but argument is of type 'int'
 void    _EXFUN(xil_printf, (const char*, ...));
         ^
'Finished building: ../src/helloworld.c'
' '
'Building target: part2.elf'
'Invoking: MicroBlaze gcc linker'
mb-gcc -Wl,-T -Wl,../src/lscript.ld -L../../part2_bsp/microblaze_0/lib -mlittle-endian -mcpu=v10.0 -mxl-soft-mul -Wl,--no-relax -Wl,--gc-sections -o "part2.elf"  ./src/helloworld.o ./src/platform.o   -Wl,--start-group,-lxil,-lgcc,-lc,--end-group
'Finished building target: part2.elf'
' '
'Invoking: MicroBlaze Print Size'
mb-size part2.elf  |tee "part2.elf.size"
   text	   data	    bss	    dec	    hex	filename
 123916	   1440	   3188	 128544	  1f620	part2.elf
'Finished building: part2.elf.size'
' '
12:38:36 **** Incremental Build of configuration Debug for project part2 ****
make all 
make: Nothing to be done for `all'.
12:39:38 **** Auto Build of configuration Debug for project part2 ****
make all 
'Building file: ../src/helloworld.c'
'Invoking: MicroBlaze gcc compiler'
mb-gcc -Wall -O0 -g3 -c -fmessage-length=0 -MT"src/helloworld.o" -I../../part2_bsp/microblaze_0/include -mlittle-endian -mcpu=v10.0 -mxl-soft-mul -Wl,--no-relax -ffunction-sections -fdata-sections -MMD -MP -MF"src/helloworld.d" -MT"src/helloworld.o" -o "src/helloworld.o" "../src/helloworld.c"
../src/helloworld.c: In function 'main':
../src/helloworld.c:58:18: error: 'a' undeclared (first use in this function)
     scanf("%d", &a);
                  ^
../src/helloworld.c:58:18: note: each undeclared identifier is reported only once for each function it appears in
make: *** [src/helloworld.o] Error 1
12:39:45 **** Auto Build of configuration Debug for project part2 ****
make all 
'Building file: ../src/helloworld.c'
'Invoking: MicroBlaze gcc compiler'
mb-gcc -Wall -O0 -g3 -c -fmessage-length=0 -MT"src/helloworld.o" -I../../part2_bsp/microblaze_0/include -mlittle-endian -mcpu=v10.0 -mxl-soft-mul -Wl,--no-relax -ffunction-sections -fdata-sections -MMD -MP -MF"src/helloworld.d" -MT"src/helloworld.o" -o "src/helloworld.o" "../src/helloworld.c"
../src/helloworld.c: In function 'main':
../src/helloworld.c:60:16: warning: passing argument 1 of 'xil_printf' makes pointer from integer without a cast [-Wint-conversion]
     xil_printf(a);
                ^
In file included from c:\xilinx\sdk\2018.2\gnu\microblaze\nt\microblaze-xilinx-elf\include\stdio.h:29:0,
                 from ../src/helloworld.c:48:
c:\xilinx\sdk\2018.2\gnu\microblaze\nt\microblaze-xilinx-elf\include\stdio.h:229:9: note: expected 'const char *' but argument is of type 'int'
 void    _EXFUN(xil_printf, (const char*, ...));
         ^
'Finished building: ../src/helloworld.c'
' '
'Building target: part2.elf'
'Invoking: MicroBlaze gcc linker'
mb-gcc -Wl,-T -Wl,../src/lscript.ld -L../../part2_bsp/microblaze_0/lib -mlittle-endian -mcpu=v10.0 -mxl-soft-mul -Wl,--no-relax -Wl,--gc-sections -o "part2.elf"  ./src/helloworld.o ./src/platform.o   -Wl,--start-group,-lxil,-lgcc,-lc,--end-group
'Finished building target: part2.elf'
' '
'Invoking: MicroBlaze Print Size'
mb-size part2.elf  |tee "part2.elf.size"
   text	   data	    bss	    dec	    hex	filename
 123916	   1440	   3188	 128544	  1f620	part2.elf
'Finished building: part2.elf.size'
' '
12:40:20 **** Auto Build of configuration Debug for project part2 ****
make all 
'Building file: ../src/helloworld.c'
'Invoking: MicroBlaze gcc compiler'
mb-gcc -Wall -O0 -g3 -c -fmessage-length=0 -MT"src/helloworld.o" -I../../part2_bsp/microblaze_0/include -mlittle-endian -mcpu=v10.0 -mxl-soft-mul -Wl,--no-relax -ffunction-sections -fdata-sections -MMD -MP -MF"src/helloworld.d" -MT"src/helloworld.o" -o "src/helloworld.o" "../src/helloworld.c"
../src/helloworld.c: In function 'main':
../src/helloworld.c:60:16: error: invalid type argument of unary '*' (have 'int')
     xil_printf(*a);
                ^~
make: *** [src/helloworld.o] Error 1
12:40:29 **** Auto Build of configuration Debug for project part2 ****
make all 
'Building file: ../src/helloworld.c'
'Invoking: MicroBlaze gcc compiler'
mb-gcc -Wall -O0 -g3 -c -fmessage-length=0 -MT"src/helloworld.o" -I../../part2_bsp/microblaze_0/include -mlittle-endian -mcpu=v10.0 -mxl-soft-mul -Wl,--no-relax -ffunction-sections -fdata-sections -MMD -MP -MF"src/helloworld.d" -MT"src/helloworld.o" -o "src/helloworld.o" "../src/helloworld.c"
../src/helloworld.c: In function 'main':
../src/helloworld.c:60:16: warning: passing argument 1 of 'xil_printf' makes pointer from integer without a cast [-Wint-conversion]
     xil_printf(a);
                ^
In file included from c:\xilinx\sdk\2018.2\gnu\microblaze\nt\microblaze-xilinx-elf\include\stdio.h:29:0,
                 from ../src/helloworld.c:48:
c:\xilinx\sdk\2018.2\gnu\microblaze\nt\microblaze-xilinx-elf\include\stdio.h:229:9: note: expected 'const char *' but argument is of type 'int'
 void    _EXFUN(xil_printf, (const char*, ...));
         ^
'Finished building: ../src/helloworld.c'
' '
'Building target: part2.elf'
'Invoking: MicroBlaze gcc linker'
mb-gcc -Wl,-T -Wl,../src/lscript.ld -L../../part2_bsp/microblaze_0/lib -mlittle-endian -mcpu=v10.0 -mxl-soft-mul -Wl,--no-relax -Wl,--gc-sections -o "part2.elf"  ./src/helloworld.o ./src/platform.o   -Wl,--start-group,-lxil,-lgcc,-lc,--end-group
'Finished building target: part2.elf'
' '
'Invoking: MicroBlaze Print Size'
mb-size part2.elf  |tee "part2.elf.size"
   text	   data	    bss	    dec	    hex	filename
 123916	   1440	   3188	 128544	  1f620	part2.elf
'Finished building: part2.elf.size'
' '
12:41:00 **** Auto Build of configuration Debug for project part2 ****
make all 
'Building file: ../src/helloworld.c'
'Invoking: MicroBlaze gcc compiler'
mb-gcc -Wall -O0 -g3 -c -fmessage-length=0 -MT"src/helloworld.o" -I../../part2_bsp/microblaze_0/include -mlittle-endian -mcpu=v10.0 -mxl-soft-mul -Wl,--no-relax -ffunction-sections -fdata-sections -MMD -MP -MF"src/helloworld.d" -MT"src/helloworld.o" -o "src/helloworld.o" "../src/helloworld.c"
../src/helloworld.c: In function 'main':
../src/helloworld.c:60:16: warning: passing argument 1 of 'xil_printf' makes pointer from integer without a cast [-Wint-conversion]
     xil_printf(a);
                ^
In file included from c:\xilinx\sdk\2018.2\gnu\microblaze\nt\microblaze-xilinx-elf\include\stdio.h:29:0,
                 from ../src/helloworld.c:48:
c:\xilinx\sdk\2018.2\gnu\microblaze\nt\microblaze-xilinx-elf\include\stdio.h:229:9: note: expected 'const char *' but argument is of type 'int'
 void    _EXFUN(xil_printf, (const char*, ...));
         ^
'Finished building: ../src/helloworld.c'
' '
'Building target: part2.elf'
'Invoking: MicroBlaze gcc linker'
mb-gcc -Wl,-T -Wl,../src/lscript.ld -L../../part2_bsp/microblaze_0/lib -mlittle-endian -mcpu=v10.0 -mxl-soft-mul -Wl,--no-relax -Wl,--gc-sections -o "part2.elf"  ./src/helloworld.o ./src/platform.o   -Wl,--start-group,-lxil,-lgcc,-lc,--end-group
'Finished building target: part2.elf'
' '
'Invoking: MicroBlaze Print Size'
mb-size part2.elf  |tee "part2.elf.size"
   text	   data	    bss	    dec	    hex	filename
 123344	   1440	   3184	 127968	  1f3e0	part2.elf
'Finished building: part2.elf.size'
' '
12:41:02 **** Incremental Build of configuration Debug for project part2 ****
make all 
make: Nothing to be done for `all'.
12:41:51 **** Auto Build of configuration Debug for project part2 ****
make all 
'Building file: ../src/helloworld.c'
'Invoking: MicroBlaze gcc compiler'
mb-gcc -Wall -O0 -g3 -c -fmessage-length=0 -MT"src/helloworld.o" -I../../part2_bsp/microblaze_0/include -mlittle-endian -mcpu=v10.0 -mxl-soft-mul -Wl,--no-relax -ffunction-sections -fdata-sections -MMD -MP -MF"src/helloworld.d" -MT"src/helloworld.o" -o "src/helloworld.o" "../src/helloworld.c"
../src/helloworld.c: In function 'main':
../src/helloworld.c:59:16: warning: passing argument 1 of 'xil_printf' makes pointer from integer without a cast [-Wint-conversion]
     xil_printf(a);
                ^
In file included from c:\xilinx\sdk\2018.2\gnu\microblaze\nt\microblaze-xilinx-elf\include\stdio.h:29:0,
                 from ../src/helloworld.c:48:
c:\xilinx\sdk\2018.2\gnu\microblaze\nt\microblaze-xilinx-elf\include\stdio.h:229:9: note: expected 'const char *' but argument is of type 'int'
 void    _EXFUN(xil_printf, (const char*, ...));
         ^
'Finished building: ../src/helloworld.c'
' '
'Building target: part2.elf'
'Invoking: MicroBlaze gcc linker'
mb-gcc -Wl,-T -Wl,../src/lscript.ld -L../../part2_bsp/microblaze_0/lib -mlittle-endian -mcpu=v10.0 -mxl-soft-mul -Wl,--no-relax -Wl,--gc-sections -o "part2.elf"  ./src/helloworld.o ./src/platform.o   -Wl,--start-group,-lxil,-lgcc,-lc,--end-group
'Finished building target: part2.elf'
' '
'Invoking: MicroBlaze Print Size'
mb-size part2.elf  |tee "part2.elf.size"
   text	   data	    bss	    dec	    hex	filename
 123508	   1440	   3188	 128136	  1f488	part2.elf
'Finished building: part2.elf.size'
' '
12:41:54 **** Incremental Build of configuration Debug for project part2 ****
make all 
make: Nothing to be done for `all'.
12:44:05 **** Auto Build of configuration Debug for project part2 ****
make all 
'Building file: ../src/helloworld.c'
'Invoking: MicroBlaze gcc compiler'
mb-gcc -Wall -O0 -g3 -c -fmessage-length=0 -MT"src/helloworld.o" -I../../part2_bsp/microblaze_0/include -mlittle-endian -mcpu=v10.0 -mxl-soft-mul -Wl,--no-relax -ffunction-sections -fdata-sections -MMD -MP -MF"src/helloworld.d" -MT"src/helloworld.o" -o "src/helloworld.o" "../src/helloworld.c"
../src/helloworld.c: In function 'main':
../src/helloworld.c:59:5: error: too few arguments to function 'setvbuf'
     setvbuf();
     ^~~~~~~
In file included from c:\xilinx\sdk\2018.2\gnu\microblaze\nt\microblaze-xilinx-elf\include\stdio.h:29:0,
                 from ../src/helloworld.c:48:
c:\xilinx\sdk\2018.2\gnu\microblaze\nt\microblaze-xilinx-elf\include\stdio.h:176:5: note: declared here
 int _EXFUN(setvbuf, (FILE *__restrict, char *__restrict, int, size_t));
     ^
../src/helloworld.c:61:16: warning: passing argument 1 of 'xil_printf' makes pointer from integer without a cast [-Wint-conversion]
     xil_printf(a);
                ^
In file included from c:\xilinx\sdk\2018.2\gnu\microblaze\nt\microblaze-xilinx-elf\include\stdio.h:29:0,
                 from ../src/helloworld.c:48:
c:\xilinx\sdk\2018.2\gnu\microblaze\nt\microblaze-xilinx-elf\include\stdio.h:229:9: note: expected 'const char *' but argument is of type 'int'
 void    _EXFUN(xil_printf, (const char*, ...));
         ^
make: *** [src/helloworld.o] Error 1
12:45:27 **** Auto Build of configuration Debug for project part2 ****
make all 
'Building file: ../src/helloworld.c'
'Invoking: MicroBlaze gcc compiler'
mb-gcc -Wall -O0 -g3 -c -fmessage-length=0 -MT"src/helloworld.o" -I../../part2_bsp/microblaze_0/include -mlittle-endian -mcpu=v10.0 -mxl-soft-mul -Wl,--no-relax -ffunction-sections -fdata-sections -MMD -MP -MF"src/helloworld.d" -MT"src/helloworld.o" -o "src/helloworld.o" "../src/helloworld.c"
../src/helloworld.c: In function 'main':
../src/helloworld.c:66:16: warning: passing argument 1 of 'xil_printf' makes pointer from integer without a cast [-Wint-conversion]
     xil_printf(conva);
                ^~~~~
In file included from c:\xilinx\sdk\2018.2\gnu\microblaze\nt\microblaze-xilinx-elf\include\stdio.h:29:0,
                 from ../src/helloworld.c:48:
c:\xilinx\sdk\2018.2\gnu\microblaze\nt\microblaze-xilinx-elf\include\stdio.h:229:9: note: expected 'const char *' but argument is of type 'int'
 void    _EXFUN(xil_printf, (const char*, ...));
         ^
'Finished building: ../src/helloworld.c'
' '
'Building target: part2.elf'
'Invoking: MicroBlaze gcc linker'
mb-gcc -Wl,-T -Wl,../src/lscript.ld -L../../part2_bsp/microblaze_0/lib -mlittle-endian -mcpu=v10.0 -mxl-soft-mul -Wl,--no-relax -Wl,--gc-sections -o "part2.elf"  ./src/helloworld.o ./src/platform.o   -Wl,--start-group,-lxil,-lgcc,-lc,--end-group
'Finished building target: part2.elf'
' '
'Invoking: MicroBlaze Print Size'
mb-size part2.elf  |tee "part2.elf.size"
   text	   data	    bss	    dec	    hex	filename
  23700	   1312	   3172	  28184	   6e18	part2.elf
'Finished building: part2.elf.size'
' '
12:45:30 **** Incremental Build of configuration Debug for project part2 ****
make all 
make: Nothing to be done for `all'.
12:46:02 **** Auto Build of configuration Debug for project part2 ****
make all 
'Building file: ../src/helloworld.c'
'Invoking: MicroBlaze gcc compiler'
mb-gcc -Wall -O0 -g3 -c -fmessage-length=0 -MT"src/helloworld.o" -I../../part2_bsp/microblaze_0/include -mlittle-endian -mcpu=v10.0 -mxl-soft-mul -Wl,--no-relax -ffunction-sections -fdata-sections -MMD -MP -MF"src/helloworld.d" -MT"src/helloworld.o" -o "src/helloworld.o" "../src/helloworld.c"
../src/helloworld.c: In function 'main':
../src/helloworld.c:65:17: warning: passing argument 1 of 'xil_printf' makes pointer from integer without a cast [-Wint-conversion]
      xil_printf(conva);
                 ^~~~~
In file included from c:\xilinx\sdk\2018.2\gnu\microblaze\nt\microblaze-xilinx-elf\include\stdio.h:29:0,
                 from ../src/helloworld.c:48:
c:\xilinx\sdk\2018.2\gnu\microblaze\nt\microblaze-xilinx-elf\include\stdio.h:229:9: note: expected 'const char *' but argument is of type 'int'
 void    _EXFUN(xil_printf, (const char*, ...));
         ^
../src/helloworld.c:67:16: warning: passing argument 1 of 'xil_printf' makes pointer from integer without a cast [-Wint-conversion]
     xil_printf(conva);
                ^~~~~
In file included from c:\xilinx\sdk\2018.2\gnu\microblaze\nt\microblaze-xilinx-elf\include\stdio.h:29:0,
                 from ../src/helloworld.c:48:
c:\xilinx\sdk\2018.2\gnu\microblaze\nt\microblaze-xilinx-elf\include\stdio.h:229:9: note: expected 'const char *' but argument is of type 'int'
 void    _EXFUN(xil_printf, (const char*, ...));
         ^
'Finished building: ../src/helloworld.c'
' '
'Building target: part2.elf'
'Invoking: MicroBlaze gcc linker'
mb-gcc -Wl,-T -Wl,../src/lscript.ld -L../../part2_bsp/microblaze_0/lib -mlittle-endian -mcpu=v10.0 -mxl-soft-mul -Wl,--no-relax -Wl,--gc-sections -o "part2.elf"  ./src/helloworld.o ./src/platform.o   -Wl,--start-group,-lxil,-lgcc,-lc,--end-group
'Finished building target: part2.elf'
' '
'Invoking: MicroBlaze Print Size'
mb-size part2.elf  |tee "part2.elf.size"
   text	   data	    bss	    dec	    hex	filename
  23720	   1312	   3168	  28200	   6e28	part2.elf
'Finished building: part2.elf.size'
' '
12:46:03 **** Incremental Build of configuration Debug for project part2 ****
make all 
make: Nothing to be done for `all'.
12:48:59 **** Auto Build of configuration Debug for project part2 ****
make all 
'Building file: ../src/helloworld.c'
'Invoking: MicroBlaze gcc compiler'
mb-gcc -Wall -O0 -g3 -c -fmessage-length=0 -MT"src/helloworld.o" -I../../part2_bsp/microblaze_0/include -mlittle-endian -mcpu=v10.0 -mxl-soft-mul -Wl,--no-relax -ffunction-sections -fdata-sections -MMD -MP -MF"src/helloworld.d" -MT"src/helloworld.o" -o "src/helloworld.o" "../src/helloworld.c"
../src/helloworld.c: In function 'main':
../src/helloworld.c:64:17: warning: passing argument 1 of 'xil_printf' makes pointer from integer without a cast [-Wint-conversion]
      xil_printf(conva);
                 ^~~~~
In file included from c:\xilinx\sdk\2018.2\gnu\microblaze\nt\microblaze-xilinx-elf\include\stdio.h:29:0,
                 from ../src/helloworld.c:48:
c:\xilinx\sdk\2018.2\gnu\microblaze\nt\microblaze-xilinx-elf\include\stdio.h:229:9: note: expected 'const char *' but argument is of type 'int'
 void    _EXFUN(xil_printf, (const char*, ...));
         ^
../src/helloworld.c:66:16: warning: passing argument 1 of 'xil_printf' makes pointer from integer without a cast [-Wint-conversion]
     xil_printf(conva);
                ^~~~~
In file included from c:\xilinx\sdk\2018.2\gnu\microblaze\nt\microblaze-xilinx-elf\include\stdio.h:29:0,
                 from ../src/helloworld.c:48:
c:\xilinx\sdk\2018.2\gnu\microblaze\nt\microblaze-xilinx-elf\include\stdio.h:229:9: note: expected 'const char *' but argument is of type 'int'
 void    _EXFUN(xil_printf, (const char*, ...));
         ^
'Finished building: ../src/helloworld.c'
' '
'Building target: part2.elf'
'Invoking: MicroBlaze gcc linker'
mb-gcc -Wl,-T -Wl,../src/lscript.ld -L../../part2_bsp/microblaze_0/lib -mlittle-endian -mcpu=v10.0 -mxl-soft-mul -Wl,--no-relax -Wl,--gc-sections -o "part2.elf"  ./src/helloworld.o ./src/platform.o   -Wl,--start-group,-lxil,-lgcc,-lc,--end-group
'Finished building target: part2.elf'
' '
'Invoking: MicroBlaze Print Size'
mb-size part2.elf  |tee "part2.elf.size"
   text	   data	    bss	    dec	    hex	filename
  23732	   1312	   3172	  28216	   6e38	part2.elf
'Finished building: part2.elf.size'
' '
12:50:50 **** Auto Build of configuration Debug for project part2 ****
make all 
'Building file: ../src/helloworld.c'
'Invoking: MicroBlaze gcc compiler'
mb-gcc -Wall -O0 -g3 -c -fmessage-length=0 -MT"src/helloworld.o" -I../../part2_bsp/microblaze_0/include -mlittle-endian -mcpu=v10.0 -mxl-soft-mul -Wl,--no-relax -ffunction-sections -fdata-sections -MMD -MP -MF"src/helloworld.d" -MT"src/helloworld.o" -o "src/helloworld.o" "../src/helloworld.c"
'Finished building: ../src/helloworld.c'
' '
'Building target: part2.elf'
'Invoking: MicroBlaze gcc linker'
mb-gcc -Wl,-T -Wl,../src/lscript.ld -L../../part2_bsp/microblaze_0/lib -mlittle-endian -mcpu=v10.0 -mxl-soft-mul -Wl,--no-relax -Wl,--gc-sections -o "part2.elf"  ./src/helloworld.o ./src/platform.o   -Wl,--start-group,-lxil,-lgcc,-lc,--end-group
'Finished building target: part2.elf'
' '
'Invoking: MicroBlaze Print Size'
mb-size part2.elf  |tee "part2.elf.size"
   text	   data	    bss	    dec	    hex	filename
 124800	   1440	   3184	 129424	  1f990	part2.elf
'Finished building: part2.elf.size'
' '
12:50:55 **** Incremental Build of configuration Debug for project part2 ****
make all 
make: Nothing to be done for `all'.
12:51:14 **** Auto Build of configuration Debug for project part2 ****
make all 
'Building file: ../src/helloworld.c'
'Invoking: MicroBlaze gcc compiler'
mb-gcc -Wall -O0 -g3 -c -fmessage-length=0 -MT"src/helloworld.o" -I../../part2_bsp/microblaze_0/include -mlittle-endian -mcpu=v10.0 -mxl-soft-mul -Wl,--no-relax -ffunction-sections -fdata-sections -MMD -MP -MF"src/helloworld.d" -MT"src/helloworld.o" -o "src/helloworld.o" "../src/helloworld.c"
../src/helloworld.c: In function 'main':
../src/helloworld.c:64:17: warning: passing argument 1 of 'xil_printf' makes pointer from integer without a cast [-Wint-conversion]
      xil_printf(conva);
                 ^~~~~
In file included from c:\xilinx\sdk\2018.2\gnu\microblaze\nt\microblaze-xilinx-elf\include\stdio.h:29:0,
                 from ../src/helloworld.c:48:
c:\xilinx\sdk\2018.2\gnu\microblaze\nt\microblaze-xilinx-elf\include\stdio.h:229:9: note: expected 'const char *' but argument is of type 'int'
 void    _EXFUN(xil_printf, (const char*, ...));
         ^
../src/helloworld.c:66:16: warning: passing argument 1 of 'xil_printf' makes pointer from integer without a cast [-Wint-conversion]
     xil_printf(conva);
                ^~~~~
In file included from c:\xilinx\sdk\2018.2\gnu\microblaze\nt\microblaze-xilinx-elf\include\stdio.h:29:0,
                 from ../src/helloworld.c:48:
c:\xilinx\sdk\2018.2\gnu\microblaze\nt\microblaze-xilinx-elf\include\stdio.h:229:9: note: expected 'const char *' but argument is of type 'int'
 void    _EXFUN(xil_printf, (const char*, ...));
         ^
'Finished building: ../src/helloworld.c'
' '
'Building target: part2.elf'
'Invoking: MicroBlaze gcc linker'
mb-gcc -Wl,-T -Wl,../src/lscript.ld -L../../part2_bsp/microblaze_0/lib -mlittle-endian -mcpu=v10.0 -mxl-soft-mul -Wl,--no-relax -Wl,--gc-sections -o "part2.elf"  ./src/helloworld.o ./src/platform.o   -Wl,--start-group,-lxil,-lgcc,-lc,--end-group
'Finished building target: part2.elf'
' '
'Invoking: MicroBlaze Print Size'
mb-size part2.elf  |tee "part2.elf.size"
   text	   data	    bss	    dec	    hex	filename
  23732	   1312	   3172	  28216	   6e38	part2.elf
'Finished building: part2.elf.size'
' '
12:51:21 **** Incremental Build of configuration Debug for project part2 ****
make all 
make: Nothing to be done for `all'.
12:51:28 **** Incremental Build of configuration Debug for project part2 ****
make all 
make: Nothing to be done for `all'.
12:53:11 **** Auto Build of configuration Debug for project part2 ****
make all 
'Building file: ../src/helloworld.c'
'Invoking: MicroBlaze gcc compiler'
mb-gcc -Wall -O0 -g3 -c -fmessage-length=0 -MT"src/helloworld.o" -I../../part2_bsp/microblaze_0/include -mlittle-endian -mcpu=v10.0 -mxl-soft-mul -Wl,--no-relax -ffunction-sections -fdata-sections -MMD -MP -MF"src/helloworld.d" -MT"src/helloworld.o" -o "src/helloworld.o" "../src/helloworld.c"
../src/helloworld.c: In function 'main':
../src/helloworld.c:66:16: warning: passing argument 1 of 'xil_printf' makes pointer from integer without a cast [-Wint-conversion]
     xil_printf(conva);
                ^~~~~
In file included from c:\xilinx\sdk\2018.2\gnu\microblaze\nt\microblaze-xilinx-elf\include\stdio.h:29:0,
                 from ../src/helloworld.c:48:
c:\xilinx\sdk\2018.2\gnu\microblaze\nt\microblaze-xilinx-elf\include\stdio.h:229:9: note: expected 'const char *' but argument is of type 'int'
 void    _EXFUN(xil_printf, (const char*, ...));
         ^
'Finished building: ../src/helloworld.c'
' '
'Building target: part2.elf'
'Invoking: MicroBlaze gcc linker'
mb-gcc -Wl,-T -Wl,../src/lscript.ld -L../../part2_bsp/microblaze_0/lib -mlittle-endian -mcpu=v10.0 -mxl-soft-mul -Wl,--no-relax -Wl,--gc-sections -o "part2.elf"  ./src/helloworld.o ./src/platform.o   -Wl,--start-group,-lxil,-lgcc,-lc,--end-group
'Finished building target: part2.elf'
' '
'Invoking: MicroBlaze Print Size'
mb-size part2.elf  |tee "part2.elf.size"
   text	   data	    bss	    dec	    hex	filename
  23740	   1312	   3172	  28224	   6e40	part2.elf
'Finished building: part2.elf.size'
' '
12:53:16 **** Auto Build of configuration Debug for project part2 ****
make all 
'Building file: ../src/helloworld.c'
'Invoking: MicroBlaze gcc compiler'
mb-gcc -Wall -O0 -g3 -c -fmessage-length=0 -MT"src/helloworld.o" -I../../part2_bsp/microblaze_0/include -mlittle-endian -mcpu=v10.0 -mxl-soft-mul -Wl,--no-relax -ffunction-sections -fdata-sections -MMD -MP -MF"src/helloworld.d" -MT"src/helloworld.o" -o "src/helloworld.o" "../src/helloworld.c"
'Finished building: ../src/helloworld.c'
' '
'Building target: part2.elf'
'Invoking: MicroBlaze gcc linker'
mb-gcc -Wl,-T -Wl,../src/lscript.ld -L../../part2_bsp/microblaze_0/lib -mlittle-endian -mcpu=v10.0 -mxl-soft-mul -Wl,--no-relax -Wl,--gc-sections -o "part2.elf"  ./src/helloworld.o ./src/platform.o   -Wl,--start-group,-lxil,-lgcc,-lc,--end-group
'Finished building target: part2.elf'
' '
'Invoking: MicroBlaze Print Size'
mb-size part2.elf  |tee "part2.elf.size"
   text	   data	    bss	    dec	    hex	filename
  23720	   1312	   3168	  28200	   6e28	part2.elf
'Finished building: part2.elf.size'
' '
12:53:18 **** Incremental Build of configuration Debug for project part2 ****
make all 
make: Nothing to be done for `all'.
12:54:48 **** Auto Build of configuration Debug for project part2 ****
make all 
'Building file: ../src/helloworld.c'
'Invoking: MicroBlaze gcc compiler'
mb-gcc -Wall -O0 -g3 -c -fmessage-length=0 -MT"src/helloworld.o" -I../../part2_bsp/microblaze_0/include -mlittle-endian -mcpu=v10.0 -mxl-soft-mul -Wl,--no-relax -ffunction-sections -fdata-sections -MMD -MP -MF"src/helloworld.d" -MT"src/helloworld.o" -o "src/helloworld.o" "../src/helloworld.c"
'Finished building: ../src/helloworld.c'
' '
'Building target: part2.elf'
'Invoking: MicroBlaze gcc linker'
mb-gcc -Wl,-T -Wl,../src/lscript.ld -L../../part2_bsp/microblaze_0/lib -mlittle-endian -mcpu=v10.0 -mxl-soft-mul -Wl,--no-relax -Wl,--gc-sections -o "part2.elf"  ./src/helloworld.o ./src/platform.o   -Wl,--start-group,-lxil,-lgcc,-lc,--end-group
'Finished building target: part2.elf'
' '
'Invoking: MicroBlaze Print Size'
mb-size part2.elf  |tee "part2.elf.size"
   text	   data	    bss	    dec	    hex	filename
  23716	   1312	   3172	  28200	   6e28	part2.elf
'Finished building: part2.elf.size'
' '
12:54:50 **** Incremental Build of configuration Debug for project part2 ****
make all 
make: Nothing to be done for `all'.
12:55:53 **** Auto Build of configuration Debug for project part2 ****
make all 
'Building file: ../src/helloworld.c'
'Invoking: MicroBlaze gcc compiler'
mb-gcc -Wall -O0 -g3 -c -fmessage-length=0 -MT"src/helloworld.o" -I../../part2_bsp/microblaze_0/include -mlittle-endian -mcpu=v10.0 -mxl-soft-mul -Wl,--no-relax -ffunction-sections -fdata-sections -MMD -MP -MF"src/helloworld.d" -MT"src/helloworld.o" -o "src/helloworld.o" "../src/helloworld.c"
'Finished building: ../src/helloworld.c'
' '
'Building target: part2.elf'
'Invoking: MicroBlaze gcc linker'
mb-gcc -Wl,-T -Wl,../src/lscript.ld -L../../part2_bsp/microblaze_0/lib -mlittle-endian -mcpu=v10.0 -mxl-soft-mul -Wl,--no-relax -Wl,--gc-sections -o "part2.elf"  ./src/helloworld.o ./src/platform.o   -Wl,--start-group,-lxil,-lgcc,-lc,--end-group
'Finished building target: part2.elf'
' '
'Invoking: MicroBlaze Print Size'
mb-size part2.elf  |tee "part2.elf.size"
   text	   data	    bss	    dec	    hex	filename
  23716	   1312	   3172	  28200	   6e28	part2.elf
'Finished building: part2.elf.size'
' '
12:55:57 **** Incremental Build of configuration Debug for project part2 ****
make all 
make: Nothing to be done for `all'.
12:56:08 **** Auto Build of configuration Debug for project part2 ****
make all 
'Building file: ../src/helloworld.c'
'Invoking: MicroBlaze gcc compiler'
mb-gcc -Wall -O0 -g3 -c -fmessage-length=0 -MT"src/helloworld.o" -I../../part2_bsp/microblaze_0/include -mlittle-endian -mcpu=v10.0 -mxl-soft-mul -Wl,--no-relax -ffunction-sections -fdata-sections -MMD -MP -MF"src/helloworld.d" -MT"src/helloworld.o" -o "src/helloworld.o" "../src/helloworld.c"
../src/helloworld.c: In function 'main':
../src/helloworld.c:63:12: warning: assignment makes pointer from integer without a cast [-Wint-conversion]
      conva = a;
            ^
'Finished building: ../src/helloworld.c'
' '
'Building target: part2.elf'
'Invoking: MicroBlaze gcc linker'
mb-gcc -Wl,-T -Wl,../src/lscript.ld -L../../part2_bsp/microblaze_0/lib -mlittle-endian -mcpu=v10.0 -mxl-soft-mul -Wl,--no-relax -Wl,--gc-sections -o "part2.elf"  ./src/helloworld.o ./src/platform.o   -Wl,--start-group,-lxil,-lgcc,-lc,--end-group
'Finished building target: part2.elf'
' '
'Invoking: MicroBlaze Print Size'
mb-size part2.elf  |tee "part2.elf.size"
   text	   data	    bss	    dec	    hex	filename
  23716	   1312	   3172	  28200	   6e28	part2.elf
'Finished building: part2.elf.size'
' '
12:56:10 **** Incremental Build of configuration Debug for project part2 ****
make all 
make: Nothing to be done for `all'.
12:56:15 **** Incremental Build of configuration Debug for project part2 ****
make all 
make: Nothing to be done for `all'.
12:56:31 **** Auto Build of configuration Debug for project part2 ****
make all 
'Building file: ../src/helloworld.c'
'Invoking: MicroBlaze gcc compiler'
mb-gcc -Wall -O0 -g3 -c -fmessage-length=0 -MT"src/helloworld.o" -I../../part2_bsp/microblaze_0/include -mlittle-endian -mcpu=v10.0 -mxl-soft-mul -Wl,--no-relax -ffunction-sections -fdata-sections -MMD -MP -MF"src/helloworld.d" -MT"src/helloworld.o" -o "src/helloworld.o" "../src/helloworld.c"
'Finished building: ../src/helloworld.c'
' '
'Building target: part2.elf'
'Invoking: MicroBlaze gcc linker'
mb-gcc -Wl,-T -Wl,../src/lscript.ld -L../../part2_bsp/microblaze_0/lib -mlittle-endian -mcpu=v10.0 -mxl-soft-mul -Wl,--no-relax -Wl,--gc-sections -o "part2.elf"  ./src/helloworld.o ./src/platform.o   -Wl,--start-group,-lxil,-lgcc,-lc,--end-group
'Finished building target: part2.elf'
' '
'Invoking: MicroBlaze Print Size'
mb-size part2.elf  |tee "part2.elf.size"
   text	   data	    bss	    dec	    hex	filename
  23720	   1312	   3168	  28200	   6e28	part2.elf
'Finished building: part2.elf.size'
' '
13:00:39 **** Auto Build of configuration Debug for project part2 ****
make all 
'Building file: ../src/helloworld.c'
'Invoking: MicroBlaze gcc compiler'
mb-gcc -Wall -O0 -g3 -c -fmessage-length=0 -MT"src/helloworld.o" -I../../part2_bsp/microblaze_0/include -mlittle-endian -mcpu=v10.0 -mxl-soft-mul -Wl,--no-relax -ffunction-sections -fdata-sections -MMD -MP -MF"src/helloworld.d" -MT"src/helloworld.o" -o "src/helloworld.o" "../src/helloworld.c"
../src/helloworld.c: In function 'main':
../src/helloworld.c:57:9: warning: unused variable 'a' [-Wunused-variable]
     int a;
         ^
'Finished building: ../src/helloworld.c'
' '
'Building target: part2.elf'
'Invoking: MicroBlaze gcc linker'
mb-gcc -Wl,-T -Wl,../src/lscript.ld -L../../part2_bsp/microblaze_0/lib -mlittle-endian -mcpu=v10.0 -mxl-soft-mul -Wl,--no-relax -Wl,--gc-sections -o "part2.elf"  ./src/helloworld.o ./src/platform.o   -Wl,--start-group,-lxil,-lgcc,-lc,--end-group
'Finished building target: part2.elf'
' '
'Invoking: MicroBlaze Print Size'
mb-size part2.elf  |tee "part2.elf.size"
   text	   data	    bss	    dec	    hex	filename
  23744	   1312	   3168	  28224	   6e40	part2.elf
'Finished building: part2.elf.size'
' '
13:00:41 **** Incremental Build of configuration Debug for project part2 ****
make all 
make: Nothing to be done for `all'.
13:00:59 **** Incremental Build of configuration Debug for project part2 ****
make all 
make: Nothing to be done for `all'.
13:01:38 **** Incremental Build of configuration Debug for project part2 ****
make all 
make: Nothing to be done for `all'.
13:03:14 **** Auto Build of configuration Debug for project part2 ****
make all 
'Building file: ../src/helloworld.c'
'Invoking: MicroBlaze gcc compiler'
mb-gcc -Wall -O0 -g3 -c -fmessage-length=0 -MT"src/helloworld.o" -I../../part2_bsp/microblaze_0/include -mlittle-endian -mcpu=v10.0 -mxl-soft-mul -Wl,--no-relax -ffunction-sections -fdata-sections -MMD -MP -MF"src/helloworld.d" -MT"src/helloworld.o" -o "src/helloworld.o" "../src/helloworld.c"
../src/helloworld.c: In function 'main':
../src/helloworld.c:63:21: error: 'c' undeclared (first use in this function)
      if(a >= '0' && c <= '9'){
                     ^
../src/helloworld.c:63:21: note: each undeclared identifier is reported only once for each function it appears in
make: *** [src/helloworld.o] Error 1
13:03:23 **** Auto Build of configuration Debug for project part2 ****
make all 
'Building file: ../src/helloworld.c'
'Invoking: MicroBlaze gcc compiler'
mb-gcc -Wall -O0 -g3 -c -fmessage-length=0 -MT"src/helloworld.o" -I../../part2_bsp/microblaze_0/include -mlittle-endian -mcpu=v10.0 -mxl-soft-mul -Wl,--no-relax -ffunction-sections -fdata-sections -MMD -MP -MF"src/helloworld.d" -MT"src/helloworld.o" -o "src/helloworld.o" "../src/helloworld.c"
'Finished building: ../src/helloworld.c'
' '
'Building target: part2.elf'
'Invoking: MicroBlaze gcc linker'
mb-gcc -Wl,-T -Wl,../src/lscript.ld -L../../part2_bsp/microblaze_0/lib -mlittle-endian -mcpu=v10.0 -mxl-soft-mul -Wl,--no-relax -Wl,--gc-sections -o "part2.elf"  ./src/helloworld.o ./src/platform.o   -Wl,--start-group,-lxil,-lgcc,-lc,--end-group
'Finished building target: part2.elf'
' '
'Invoking: MicroBlaze Print Size'
mb-size part2.elf  |tee "part2.elf.size"
   text	   data	    bss	    dec	    hex	filename
  23752	   1312	   3168	  28232	   6e48	part2.elf
'Finished building: part2.elf.size'
' '
13:03:25 **** Incremental Build of configuration Debug for project part2 ****
make all 
make: Nothing to be done for `all'.
13:03:38 **** Auto Build of configuration Debug for project part2 ****
make all 
'Building file: ../src/helloworld.c'
'Invoking: MicroBlaze gcc compiler'
mb-gcc -Wall -O0 -g3 -c -fmessage-length=0 -MT"src/helloworld.o" -I../../part2_bsp/microblaze_0/include -mlittle-endian -mcpu=v10.0 -mxl-soft-mul -Wl,--no-relax -ffunction-sections -fdata-sections -MMD -MP -MF"src/helloworld.d" -MT"src/helloworld.o" -o "src/helloworld.o" "../src/helloworld.c"
'Finished building: ../src/helloworld.c'
' '
'Building target: part2.elf'
'Invoking: MicroBlaze gcc linker'
mb-gcc -Wl,-T -Wl,../src/lscript.ld -L../../part2_bsp/microblaze_0/lib -mlittle-endian -mcpu=v10.0 -mxl-soft-mul -Wl,--no-relax -Wl,--gc-sections -o "part2.elf"  ./src/helloworld.o ./src/platform.o   -Wl,--start-group,-lxil,-lgcc,-lc,--end-group
'Finished building target: part2.elf'
' '
'Invoking: MicroBlaze Print Size'
mb-size part2.elf  |tee "part2.elf.size"
   text	   data	    bss	    dec	    hex	filename
  23752	   1312	   3168	  28232	   6e48	part2.elf
'Finished building: part2.elf.size'
' '
13:04:02 **** Incremental Build of configuration Debug for project part2 ****
make all 
make: Nothing to be done for `all'.
13:04:12 **** Auto Build of configuration Debug for project part2 ****
make all 
'Building file: ../src/helloworld.c'
'Invoking: MicroBlaze gcc compiler'
mb-gcc -Wall -O0 -g3 -c -fmessage-length=0 -MT"src/helloworld.o" -I../../part2_bsp/microblaze_0/include -mlittle-endian -mcpu=v10.0 -mxl-soft-mul -Wl,--no-relax -ffunction-sections -fdata-sections -MMD -MP -MF"src/helloworld.d" -MT"src/helloworld.o" -o "src/helloworld.o" "../src/helloworld.c"
'Finished building: ../src/helloworld.c'
' '
'Building target: part2.elf'
'Invoking: MicroBlaze gcc linker'
mb-gcc -Wl,-T -Wl,../src/lscript.ld -L../../part2_bsp/microblaze_0/lib -mlittle-endian -mcpu=v10.0 -mxl-soft-mul -Wl,--no-relax -Wl,--gc-sections -o "part2.elf"  ./src/helloworld.o ./src/platform.o   -Wl,--start-group,-lxil,-lgcc,-lc,--end-group
'Finished building target: part2.elf'
' '
'Invoking: MicroBlaze Print Size'
mb-size part2.elf  |tee "part2.elf.size"
   text	   data	    bss	    dec	    hex	filename
  23752	   1312	   3168	  28232	   6e48	part2.elf
'Finished building: part2.elf.size'
' '
13:04:24 **** Auto Build of configuration Debug for project part2 ****
make all 
'Building file: ../src/helloworld.c'
'Invoking: MicroBlaze gcc compiler'
mb-gcc -Wall -O0 -g3 -c -fmessage-length=0 -MT"src/helloworld.o" -I../../part2_bsp/microblaze_0/include -mlittle-endian -mcpu=v10.0 -mxl-soft-mul -Wl,--no-relax -ffunction-sections -fdata-sections -MMD -MP -MF"src/helloworld.d" -MT"src/helloworld.o" -o "src/helloworld.o" "../src/helloworld.c"
'Finished building: ../src/helloworld.c'
' '
'Building target: part2.elf'
'Invoking: MicroBlaze gcc linker'
mb-gcc -Wl,-T -Wl,../src/lscript.ld -L../../part2_bsp/microblaze_0/lib -mlittle-endian -mcpu=v10.0 -mxl-soft-mul -Wl,--no-relax -Wl,--gc-sections -o "part2.elf"  ./src/helloworld.o ./src/platform.o   -Wl,--start-group,-lxil,-lgcc,-lc,--end-group
'Finished building target: part2.elf'
' '
'Invoking: MicroBlaze Print Size'
mb-size part2.elf  |tee "part2.elf.size"
   text	   data	    bss	    dec	    hex	filename
  23752	   1312	   3168	  28232	   6e48	part2.elf
'Finished building: part2.elf.size'
' '
13:04:37 **** Auto Build of configuration Debug for project part2 ****
make all 
'Building file: ../src/helloworld.c'
'Invoking: MicroBlaze gcc compiler'
mb-gcc -Wall -O0 -g3 -c -fmessage-length=0 -MT"src/helloworld.o" -I../../part2_bsp/microblaze_0/include -mlittle-endian -mcpu=v10.0 -mxl-soft-mul -Wl,--no-relax -ffunction-sections -fdata-sections -MMD -MP -MF"src/helloworld.d" -MT"src/helloworld.o" -o "src/helloworld.o" "../src/helloworld.c"
'Finished building: ../src/helloworld.c'
' '
'Building target: part2.elf'
'Invoking: MicroBlaze gcc linker'
mb-gcc -Wl,-T -Wl,../src/lscript.ld -L../../part2_bsp/microblaze_0/lib -mlittle-endian -mcpu=v10.0 -mxl-soft-mul -Wl,--no-relax -Wl,--gc-sections -o "part2.elf"  ./src/helloworld.o ./src/platform.o   -Wl,--start-group,-lxil,-lgcc,-lc,--end-group
'Finished building target: part2.elf'
' '
'Invoking: MicroBlaze Print Size'
mb-size part2.elf  |tee "part2.elf.size"
   text	   data	    bss	    dec	    hex	filename
  23752	   1312	   3168	  28232	   6e48	part2.elf
'Finished building: part2.elf.size'
' '
13:04:54 **** Auto Build of configuration Debug for project part2 ****
make all 
'Building file: ../src/helloworld.c'
'Invoking: MicroBlaze gcc compiler'
mb-gcc -Wall -O0 -g3 -c -fmessage-length=0 -MT"src/helloworld.o" -I../../part2_bsp/microblaze_0/include -mlittle-endian -mcpu=v10.0 -mxl-soft-mul -Wl,--no-relax -ffunction-sections -fdata-sections -MMD -MP -MF"src/helloworld.d" -MT"src/helloworld.o" -o "src/helloworld.o" "../src/helloworld.c"
'Finished building: ../src/helloworld.c'
' '
'Building target: part2.elf'
'Invoking: MicroBlaze gcc linker'
mb-gcc -Wl,-T -Wl,../src/lscript.ld -L../../part2_bsp/microblaze_0/lib -mlittle-endian -mcpu=v10.0 -mxl-soft-mul -Wl,--no-relax -Wl,--gc-sections -o "part2.elf"  ./src/helloworld.o ./src/platform.o   -Wl,--start-group,-lxil,-lgcc,-lc,--end-group
'Finished building target: part2.elf'
' '
'Invoking: MicroBlaze Print Size'
mb-size part2.elf  |tee "part2.elf.size"
   text	   data	    bss	    dec	    hex	filename
  23776	   1312	   3168	  28256	   6e60	part2.elf
'Finished building: part2.elf.size'
' '
13:04:57 **** Incremental Build of configuration Debug for project part2 ****
make all 
make: Nothing to be done for `all'.
13:05:02 **** Incremental Build of configuration Debug for project part2 ****
make all 
make: Nothing to be done for `all'.
13:10:48 **** Auto Build of configuration Debug for project part2 ****
make all 
'Building file: ../src/helloworld.c'
'Invoking: MicroBlaze gcc compiler'
mb-gcc -Wall -O0 -g3 -c -fmessage-length=0 -MT"src/helloworld.o" -I../../part2_bsp/microblaze_0/include -mlittle-endian -mcpu=v10.0 -mxl-soft-mul -Wl,--no-relax -ffunction-sections -fdata-sections -MMD -MP -MF"src/helloworld.d" -MT"src/helloworld.o" -o "src/helloworld.o" "../src/helloworld.c"
../src/helloworld.c: In function 'main':
../src/helloworld.c:60:10: warning: unused variable 'buf' [-Wunused-variable]
     char buf[BUFF];
          ^~~
'Finished building: ../src/helloworld.c'
' '
'Building target: part2.elf'
'Invoking: MicroBlaze gcc linker'
mb-gcc -Wl,-T -Wl,../src/lscript.ld -L../../part2_bsp/microblaze_0/lib -mlittle-endian -mcpu=v10.0 -mxl-soft-mul -Wl,--no-relax -Wl,--gc-sections -o "part2.elf"  ./src/helloworld.o ./src/platform.o   -Wl,--start-group,-lxil,-lgcc,-lc,--end-group
'Finished building target: part2.elf'
' '
'Invoking: MicroBlaze Print Size'
mb-size part2.elf  |tee "part2.elf.size"
   text	   data	    bss	    dec	    hex	filename
  24252	   1312	   3172	  28736	   7040	part2.elf
'Finished building: part2.elf.size'
' '
13:12:36 **** Auto Build of configuration Debug for project part2 ****
make all 
'Building file: ../src/helloworld.c'
'Invoking: MicroBlaze gcc compiler'
mb-gcc -Wall -O0 -g3 -c -fmessage-length=0 -MT"src/helloworld.o" -I../../part2_bsp/microblaze_0/include -mlittle-endian -mcpu=v10.0 -mxl-soft-mul -Wl,--no-relax -ffunction-sections -fdata-sections -MMD -MP -MF"src/helloworld.d" -MT"src/helloworld.o" -o "src/helloworld.o" "../src/helloworld.c"
../src/helloworld.c: In function 'main':
../src/helloworld.c:60:10: warning: variable 'buf' set but not used [-Wunused-but-set-variable]
     char buf[BUFF];
          ^~~
'Finished building: ../src/helloworld.c'
' '
'Building target: part2.elf'
'Invoking: MicroBlaze gcc linker'
mb-gcc -Wl,-T -Wl,../src/lscript.ld -L../../part2_bsp/microblaze_0/lib -mlittle-endian -mcpu=v10.0 -mxl-soft-mul -Wl,--no-relax -Wl,--gc-sections -o "part2.elf"  ./src/helloworld.o ./src/platform.o   -Wl,--start-group,-lxil,-lgcc,-lc,--end-group
'Finished building target: part2.elf'
' '
'Invoking: MicroBlaze Print Size'
mb-size part2.elf  |tee "part2.elf.size"
   text	   data	    bss	    dec	    hex	filename
  24280	   1312	   3168	  28760	   7058	part2.elf
'Finished building: part2.elf.size'
' '
13:12:52 **** Auto Build of configuration Debug for project part2 ****
make all 
'Building file: ../src/helloworld.c'
'Invoking: MicroBlaze gcc compiler'
mb-gcc -Wall -O0 -g3 -c -fmessage-length=0 -MT"src/helloworld.o" -I../../part2_bsp/microblaze_0/include -mlittle-endian -mcpu=v10.0 -mxl-soft-mul -Wl,--no-relax -ffunction-sections -fdata-sections -MMD -MP -MF"src/helloworld.d" -MT"src/helloworld.o" -o "src/helloworld.o" "../src/helloworld.c"
../src/helloworld.c: In function 'main':
../src/helloworld.c:60:10: warning: variable 'buf' set but not used [-Wunused-but-set-variable]
     char buf[BUFF];
          ^~~
'Finished building: ../src/helloworld.c'
' '
'Building target: part2.elf'
'Invoking: MicroBlaze gcc linker'
mb-gcc -Wl,-T -Wl,../src/lscript.ld -L../../part2_bsp/microblaze_0/lib -mlittle-endian -mcpu=v10.0 -mxl-soft-mul -Wl,--no-relax -Wl,--gc-sections -o "part2.elf"  ./src/helloworld.o ./src/platform.o   -Wl,--start-group,-lxil,-lgcc,-lc,--end-group
'Finished building target: part2.elf'
' '
'Invoking: MicroBlaze Print Size'
mb-size part2.elf  |tee "part2.elf.size"
   text	   data	    bss	    dec	    hex	filename
  24292	   1312	   3172	  28776	   7068	part2.elf
'Finished building: part2.elf.size'
' '
13:13:18 **** Auto Build of configuration Debug for project part2 ****
make all 
'Building file: ../src/helloworld.c'
'Invoking: MicroBlaze gcc compiler'
mb-gcc -Wall -O0 -g3 -c -fmessage-length=0 -MT"src/helloworld.o" -I../../part2_bsp/microblaze_0/include -mlittle-endian -mcpu=v10.0 -mxl-soft-mul -Wl,--no-relax -ffunction-sections -fdata-sections -MMD -MP -MF"src/helloworld.d" -MT"src/helloworld.o" -o "src/helloworld.o" "../src/helloworld.c"
../src/helloworld.c: In function 'main':
../src/helloworld.c:61:9: warning: unused variable 'i' [-Wunused-variable]
     int i = 0;
         ^
../src/helloworld.c:60:10: warning: unused variable 'buf' [-Wunused-variable]
     char buf[BUFF];
          ^~~
'Finished building: ../src/helloworld.c'
' '
'Building target: part2.elf'
'Invoking: MicroBlaze gcc linker'
mb-gcc -Wl,-T -Wl,../src/lscript.ld -L../../part2_bsp/microblaze_0/lib -mlittle-endian -mcpu=v10.0 -mxl-soft-mul -Wl,--no-relax -Wl,--gc-sections -o "part2.elf"  ./src/helloworld.o ./src/platform.o   -Wl,--start-group,-lxil,-lgcc,-lc,--end-group
'Finished building target: part2.elf'
' '
'Invoking: MicroBlaze Print Size'
mb-size part2.elf  |tee "part2.elf.size"
   text	   data	    bss	    dec	    hex	filename
  24244	   1312	   3172	  28728	   7038	part2.elf
'Finished building: part2.elf.size'
' '
13:13:20 **** Incremental Build of configuration Debug for project part2 ****
make all 
make: Nothing to be done for `all'.
13:13:43 **** Auto Build of configuration Debug for project part2 ****
make all 
'Building file: ../src/helloworld.c'
'Invoking: MicroBlaze gcc compiler'
mb-gcc -Wall -O0 -g3 -c -fmessage-length=0 -MT"src/helloworld.o" -I../../part2_bsp/microblaze_0/include -mlittle-endian -mcpu=v10.0 -mxl-soft-mul -Wl,--no-relax -ffunction-sections -fdata-sections -MMD -MP -MF"src/helloworld.d" -MT"src/helloworld.o" -o "src/helloworld.o" "../src/helloworld.c"
../src/helloworld.c: In function 'main':
../src/helloworld.c:61:9: warning: unused variable 'i' [-Wunused-variable]
     int i = 0;
         ^
../src/helloworld.c:60:10: warning: unused variable 'buf' [-Wunused-variable]
     char buf[BUFF];
          ^~~
'Finished building: ../src/helloworld.c'
' '
'Building target: part2.elf'
'Invoking: MicroBlaze gcc linker'
mb-gcc -Wl,-T -Wl,../src/lscript.ld -L../../part2_bsp/microblaze_0/lib -mlittle-endian -mcpu=v10.0 -mxl-soft-mul -Wl,--no-relax -Wl,--gc-sections -o "part2.elf"  ./src/helloworld.o ./src/platform.o   -Wl,--start-group,-lxil,-lgcc,-lc,--end-group
'Finished building target: part2.elf'
' '
'Invoking: MicroBlaze Print Size'
mb-size part2.elf  |tee "part2.elf.size"
   text	   data	    bss	    dec	    hex	filename
  24268	   1312	   3172	  28752	   7050	part2.elf
'Finished building: part2.elf.size'
' '
13:13:47 **** Incremental Build of configuration Debug for project part2 ****
make all 
make: Nothing to be done for `all'.
13:14:05 **** Auto Build of configuration Debug for project part2 ****
make all 
'Building file: ../src/helloworld.c'
'Invoking: MicroBlaze gcc compiler'
mb-gcc -Wall -O0 -g3 -c -fmessage-length=0 -MT"src/helloworld.o" -I../../part2_bsp/microblaze_0/include -mlittle-endian -mcpu=v10.0 -mxl-soft-mul -Wl,--no-relax -ffunction-sections -fdata-sections -MMD -MP -MF"src/helloworld.d" -MT"src/helloworld.o" -o "src/helloworld.o" "../src/helloworld.c"
../src/helloworld.c: In function 'main':
../src/helloworld.c:62:30: warning: multi-character character constant [-Wmultichar]
     while((a = getchar()) != '\n\n'){
                              ^~~~~~
../src/helloworld.c:61:9: warning: unused variable 'i' [-Wunused-variable]
     int i = 0;
         ^
../src/helloworld.c:60:10: warning: unused variable 'buf' [-Wunused-variable]
     char buf[BUFF];
          ^~~
'Finished building: ../src/helloworld.c'
' '
'Building target: part2.elf'
'Invoking: MicroBlaze gcc linker'
mb-gcc -Wl,-T -Wl,../src/lscript.ld -L../../part2_bsp/microblaze_0/lib -mlittle-endian -mcpu=v10.0 -mxl-soft-mul -Wl,--no-relax -Wl,--gc-sections -o "part2.elf"  ./src/helloworld.o ./src/platform.o   -Wl,--start-group,-lxil,-lgcc,-lc,--end-group
'Finished building target: part2.elf'
' '
'Invoking: MicroBlaze Print Size'
mb-size part2.elf  |tee "part2.elf.size"
   text	   data	    bss	    dec	    hex	filename
  24268	   1312	   3172	  28752	   7050	part2.elf
'Finished building: part2.elf.size'
' '
13:14:06 **** Incremental Build of configuration Debug for project part2 ****
make all 
make: Nothing to be done for `all'.
13:15:57 **** Auto Build of configuration Debug for project part2 ****
make all 
'Building file: ../src/helloworld.c'
'Invoking: MicroBlaze gcc compiler'
mb-gcc -Wall -O0 -g3 -c -fmessage-length=0 -MT"src/helloworld.o" -I../../part2_bsp/microblaze_0/include -mlittle-endian -mcpu=v10.0 -mxl-soft-mul -Wl,--no-relax -ffunction-sections -fdata-sections -MMD -MP -MF"src/helloworld.d" -MT"src/helloworld.o" -o "src/helloworld.o" "../src/helloworld.c"
../src/helloworld.c: In function 'main':
../src/helloworld.c:62:11: warning: suggest parentheses around assignment used as truth value [-Wparentheses]
     while(a = getchar()){
           ^
../src/helloworld.c:70:7: error: 'exit' undeclared (first use in this function); did you mean '_Exit'?
       exit;
       ^~~~
       _Exit
../src/helloworld.c:70:7: note: each undeclared identifier is reported only once for each function it appears in
../src/helloworld.c:61:9: warning: unused variable 'i' [-Wunused-variable]
     int i = 0;
         ^
../src/helloworld.c:60:10: warning: unused variable 'buf' [-Wunused-variable]
     char buf[BUFF];
          ^~~
make: *** [src/helloworld.o] Error 1
13:16:08 **** Auto Build of configuration Debug for project part2 ****
make all 
'Building file: ../src/helloworld.c'
'Invoking: MicroBlaze gcc compiler'
mb-gcc -Wall -O0 -g3 -c -fmessage-length=0 -MT"src/helloworld.o" -I../../part2_bsp/microblaze_0/include -mlittle-endian -mcpu=v10.0 -mxl-soft-mul -Wl,--no-relax -ffunction-sections -fdata-sections -MMD -MP -MF"src/helloworld.d" -MT"src/helloworld.o" -o "src/helloworld.o" "../src/helloworld.c"
../src/helloworld.c: In function 'main':
../src/helloworld.c:62:11: warning: suggest parentheses around assignment used as truth value [-Wparentheses]
     while(a = getchar()){
           ^
../src/helloworld.c:70:7: error: 'quit' undeclared (first use in this function); did you mean 'uint'?
       quit;
       ^~~~
       uint
../src/helloworld.c:70:7: note: each undeclared identifier is reported only once for each function it appears in
../src/helloworld.c:61:9: warning: unused variable 'i' [-Wunused-variable]
     int i = 0;
         ^
../src/helloworld.c:60:10: warning: unused variable 'buf' [-Wunused-variable]
     char buf[BUFF];
          ^~~
make: *** [src/helloworld.o] Error 1
13:16:25 **** Auto Build of configuration Debug for project part2 ****
make all 
'Building file: ../src/helloworld.c'
'Invoking: MicroBlaze gcc compiler'
mb-gcc -Wall -O0 -g3 -c -fmessage-length=0 -MT"src/helloworld.o" -I../../part2_bsp/microblaze_0/include -mlittle-endian -mcpu=v10.0 -mxl-soft-mul -Wl,--no-relax -ffunction-sections -fdata-sections -MMD -MP -MF"src/helloworld.d" -MT"src/helloworld.o" -o "src/helloworld.o" "../src/helloworld.c"
../src/helloworld.c: In function 'main':
../src/helloworld.c:62:11: warning: suggest parentheses around assignment used as truth value [-Wparentheses]
     while(a = getchar()){
           ^
../src/helloworld.c:61:9: warning: unused variable 'i' [-Wunused-variable]
     int i = 0;
         ^
../src/helloworld.c:60:10: warning: unused variable 'buf' [-Wunused-variable]
     char buf[BUFF];
          ^~~
'Finished building: ../src/helloworld.c'
' '
'Building target: part2.elf'
'Invoking: MicroBlaze gcc linker'
mb-gcc -Wl,-T -Wl,../src/lscript.ld -L../../part2_bsp/microblaze_0/lib -mlittle-endian -mcpu=v10.0 -mxl-soft-mul -Wl,--no-relax -Wl,--gc-sections -o "part2.elf"  ./src/helloworld.o ./src/platform.o   -Wl,--start-group,-lxil,-lgcc,-lc,--end-group
'Finished building target: part2.elf'
' '
'Invoking: MicroBlaze Print Size'
mb-size part2.elf  |tee "part2.elf.size"
   text	   data	    bss	    dec	    hex	filename
  24284	   1312	   3172	  28768	   7060	part2.elf
'Finished building: part2.elf.size'
' '
13:16:33 **** Incremental Build of configuration Debug for project part2 ****
make all 
make: Nothing to be done for `all'.
13:17:08 **** Auto Build of configuration Debug for project part2 ****
make all 
'Building file: ../src/helloworld.c'
'Invoking: MicroBlaze gcc compiler'
mb-gcc -Wall -O0 -g3 -c -fmessage-length=0 -MT"src/helloworld.o" -I../../part2_bsp/microblaze_0/include -mlittle-endian -mcpu=v10.0 -mxl-soft-mul -Wl,--no-relax -ffunction-sections -fdata-sections -MMD -MP -MF"src/helloworld.d" -MT"src/helloworld.o" -o "src/helloworld.o" "../src/helloworld.c"
../src/helloworld.c: In function 'main':
../src/helloworld.c:62:11: warning: suggest parentheses around assignment used as truth value [-Wparentheses]
     while(a = getchar()){
           ^
../src/helloworld.c:61:9: warning: unused variable 'i' [-Wunused-variable]
     int i = 0;
         ^
../src/helloworld.c:60:10: warning: unused variable 'buf' [-Wunused-variable]
     char buf[BUFF];
          ^~~
'Finished building: ../src/helloworld.c'
' '
'Building target: part2.elf'
'Invoking: MicroBlaze gcc linker'
mb-gcc -Wl,-T -Wl,../src/lscript.ld -L../../part2_bsp/microblaze_0/lib -mlittle-endian -mcpu=v10.0 -mxl-soft-mul -Wl,--no-relax -Wl,--gc-sections -o "part2.elf"  ./src/helloworld.o ./src/platform.o   -Wl,--start-group,-lxil,-lgcc,-lc,--end-group
'Finished building target: part2.elf'
' '
'Invoking: MicroBlaze Print Size'
mb-size part2.elf  |tee "part2.elf.size"
   text	   data	    bss	    dec	    hex	filename
  24300	   1312	   3172	  28784	   7070	part2.elf
'Finished building: part2.elf.size'
' '
13:17:10 **** Incremental Build of configuration Debug for project part2 ****
make all 
make: Nothing to be done for `all'.
13:18:01 **** Auto Build of configuration Debug for project part2 ****
make all 
'Building file: ../src/helloworld.c'
'Invoking: MicroBlaze gcc compiler'
mb-gcc -Wall -O0 -g3 -c -fmessage-length=0 -MT"src/helloworld.o" -I../../part2_bsp/microblaze_0/include -mlittle-endian -mcpu=v10.0 -mxl-soft-mul -Wl,--no-relax -ffunction-sections -fdata-sections -MMD -MP -MF"src/helloworld.d" -MT"src/helloworld.o" -o "src/helloworld.o" "../src/helloworld.c"
../src/helloworld.c: In function 'main':
../src/helloworld.c:62:11: warning: suggest parentheses around assignment used as truth value [-Wparentheses]
     while(a = getchar()){
           ^
../src/helloworld.c:61:9: warning: unused variable 'i' [-Wunused-variable]
     int i = 0;
         ^
../src/helloworld.c:60:10: warning: unused variable 'buf' [-Wunused-variable]
     char buf[BUFF];
          ^~~
'Finished building: ../src/helloworld.c'
' '
'Building target: part2.elf'
'Invoking: MicroBlaze gcc linker'
mb-gcc -Wl,-T -Wl,../src/lscript.ld -L../../part2_bsp/microblaze_0/lib -mlittle-endian -mcpu=v10.0 -mxl-soft-mul -Wl,--no-relax -Wl,--gc-sections -o "part2.elf"  ./src/helloworld.o ./src/platform.o   -Wl,--start-group,-lxil,-lgcc,-lc,--end-group
'Finished building target: part2.elf'
' '
'Invoking: MicroBlaze Print Size'
mb-size part2.elf  |tee "part2.elf.size"
   text	   data	    bss	    dec	    hex	filename
  24292	   1312	   3172	  28776	   7068	part2.elf
'Finished building: part2.elf.size'
' '
13:18:03 **** Incremental Build of configuration Debug for project part2 ****
make all 
make: Nothing to be done for `all'.
13:18:50 **** Auto Build of configuration Debug for project part2 ****
make all 
'Building file: ../src/helloworld.c'
'Invoking: MicroBlaze gcc compiler'
mb-gcc -Wall -O0 -g3 -c -fmessage-length=0 -MT"src/helloworld.o" -I../../part2_bsp/microblaze_0/include -mlittle-endian -mcpu=v10.0 -mxl-soft-mul -Wl,--no-relax -ffunction-sections -fdata-sections -MMD -MP -MF"src/helloworld.d" -MT"src/helloworld.o" -o "src/helloworld.o" "../src/helloworld.c"
../src/helloworld.c: In function 'main':
../src/helloworld.c:64:6: error: expected ';' before 'if'
      if(a >= '0' && a <= '9'){
      ^~
../src/helloworld.c:61:9: warning: unused variable 'i' [-Wunused-variable]
     int i = 0;
         ^
../src/helloworld.c:60:10: warning: unused variable 'buf' [-Wunused-variable]
     char buf[BUFF];
          ^~~
../src/helloworld.c:58:9: warning: unused variable 'conva' [-Wunused-variable]
     int conva;
         ^~~~~
../src/helloworld.c:57:9: warning: variable 'a' set but not used [-Wunused-but-set-variable]
     int a;
         ^
make: *** [src/helloworld.o] Error 1
13:18:54 **** Auto Build of configuration Debug for project part2 ****
make all 
'Building file: ../src/helloworld.c'
'Invoking: MicroBlaze gcc compiler'
mb-gcc -Wall -O0 -g3 -c -fmessage-length=0 -MT"src/helloworld.o" -I../../part2_bsp/microblaze_0/include -mlittle-endian -mcpu=v10.0 -mxl-soft-mul -Wl,--no-relax -ffunction-sections -fdata-sections -MMD -MP -MF"src/helloworld.d" -MT"src/helloworld.o" -o "src/helloworld.o" "../src/helloworld.c"
../src/helloworld.c: In function 'main':
../src/helloworld.c:61:9: warning: unused variable 'i' [-Wunused-variable]
     int i = 0;
         ^
../src/helloworld.c:60:10: warning: unused variable 'buf' [-Wunused-variable]
     char buf[BUFF];
          ^~~
'Finished building: ../src/helloworld.c'
' '
'Building target: part2.elf'
'Invoking: MicroBlaze gcc linker'
mb-gcc -Wl,-T -Wl,../src/lscript.ld -L../../part2_bsp/microblaze_0/lib -mlittle-endian -mcpu=v10.0 -mxl-soft-mul -Wl,--no-relax -Wl,--gc-sections -o "part2.elf"  ./src/helloworld.o ./src/platform.o   -Wl,--start-group,-lxil,-lgcc,-lc,--end-group
'Finished building target: part2.elf'
' '
'Invoking: MicroBlaze Print Size'
mb-size part2.elf  |tee "part2.elf.size"
   text	   data	    bss	    dec	    hex	filename
  24280	   1312	   3168	  28760	   7058	part2.elf
'Finished building: part2.elf.size'
' '
13:18:57 **** Incremental Build of configuration Debug for project part2 ****
make all 
make: Nothing to be done for `all'.
13:19:07 **** Incremental Build of configuration Debug for project part2 ****
make all 
make: Nothing to be done for `all'.
13:19:14 **** Incremental Build of configuration Debug for project part2 ****
make all 
make: Nothing to be done for `all'.
13:19:23 **** Auto Build of configuration Debug for project part2 ****
make all 
'Building file: ../src/helloworld.c'
'Invoking: MicroBlaze gcc compiler'
mb-gcc -Wall -O0 -g3 -c -fmessage-length=0 -MT"src/helloworld.o" -I../../part2_bsp/microblaze_0/include -mlittle-endian -mcpu=v10.0 -mxl-soft-mul -Wl,--no-relax -ffunction-sections -fdata-sections -MMD -MP -MF"src/helloworld.d" -MT"src/helloworld.o" -o "src/helloworld.o" "../src/helloworld.c"
../src/helloworld.c: In function 'main':
../src/helloworld.c:62:11: warning: suggest parentheses around assignment used as truth value [-Wparentheses]
     while(a = getchar()){
           ^
../src/helloworld.c:61:9: warning: unused variable 'i' [-Wunused-variable]
     int i = 0;
         ^
../src/helloworld.c:60:10: warning: unused variable 'buf' [-Wunused-variable]
     char buf[BUFF];
          ^~~
'Finished building: ../src/helloworld.c'
' '
'Building target: part2.elf'
'Invoking: MicroBlaze gcc linker'
mb-gcc -Wl,-T -Wl,../src/lscript.ld -L../../part2_bsp/microblaze_0/lib -mlittle-endian -mcpu=v10.0 -mxl-soft-mul -Wl,--no-relax -Wl,--gc-sections -o "part2.elf"  ./src/helloworld.o ./src/platform.o   -Wl,--start-group,-lxil,-lgcc,-lc,--end-group
'Finished building target: part2.elf'
' '
'Invoking: MicroBlaze Print Size'
mb-size part2.elf  |tee "part2.elf.size"
   text	   data	    bss	    dec	    hex	filename
  24292	   1312	   3172	  28776	   7068	part2.elf
'Finished building: part2.elf.size'
' '
13:19:26 **** Incremental Build of configuration Debug for project part2 ****
make all 
make: Nothing to be done for `all'.
13:21:27 **** Auto Build of configuration Debug for project part2 ****
make all 
'Building file: ../src/helloworld.c'
'Invoking: MicroBlaze gcc compiler'
mb-gcc -Wall -O0 -g3 -c -fmessage-length=0 -MT"src/helloworld.o" -I../../part2_bsp/microblaze_0/include -mlittle-endian -mcpu=v10.0 -mxl-soft-mul -Wl,--no-relax -ffunction-sections -fdata-sections -MMD -MP -MF"src/helloworld.d" -MT"src/helloworld.o" -o "src/helloworld.o" "../src/helloworld.c"
../src/helloworld.c: In function 'main':
../src/helloworld.c:62:11: warning: suggest parentheses around assignment used as truth value [-Wparentheses]
     while(a = getchar()){
           ^
../src/helloworld.c:69:16: warning: comparison between pointer and integer
      else if(a == "/"){
                ^~
../src/helloworld.c:69:16: warning: comparison with string literal results in unspecified behavior [-Waddress]
../src/helloworld.c:61:9: warning: unused variable 'i' [-Wunused-variable]
     int i = 0;
         ^
../src/helloworld.c:60:10: warning: unused variable 'buf' [-Wunused-variable]
     char buf[BUFF];
          ^~~
'Finished building: ../src/helloworld.c'
' '
'Building target: part2.elf'
'Invoking: MicroBlaze gcc linker'
mb-gcc -Wl,-T -Wl,../src/lscript.ld -L../../part2_bsp/microblaze_0/lib -mlittle-endian -mcpu=v10.0 -mxl-soft-mul -Wl,--no-relax -Wl,--gc-sections -o "part2.elf"  ./src/helloworld.o ./src/platform.o   -Wl,--start-group,-lxil,-lgcc,-lc,--end-group
'Finished building target: part2.elf'
' '
'Invoking: MicroBlaze Print Size'
mb-size part2.elf  |tee "part2.elf.size"
   text	   data	    bss	    dec	    hex	filename
  24316	   1312	   3172	  28800	   7080	part2.elf
'Finished building: part2.elf.size'
' '
13:21:29 **** Incremental Build of configuration Debug for project part2 ****
make all 
make: Nothing to be done for `all'.
13:22:58 **** Auto Build of configuration Debug for project part2 ****
make all 
'Building file: ../src/helloworld.c'
'Invoking: MicroBlaze gcc compiler'
mb-gcc -Wall -O0 -g3 -c -fmessage-length=0 -MT"src/helloworld.o" -I../../part2_bsp/microblaze_0/include -mlittle-endian -mcpu=v10.0 -mxl-soft-mul -Wl,--no-relax -ffunction-sections -fdata-sections -MMD -MP -MF"src/helloworld.d" -MT"src/helloworld.o" -o "src/helloworld.o" "../src/helloworld.c"
../src/helloworld.c: In function 'main':
../src/helloworld.c:62:11: warning: suggest parentheses around assignment used as truth value [-Wparentheses]
     while(a = getchar()){
           ^
../src/helloworld.c:61:9: warning: unused variable 'i' [-Wunused-variable]
     int i = 0;
         ^
../src/helloworld.c:60:10: warning: unused variable 'buf' [-Wunused-variable]
     char buf[BUFF];
          ^~~
'Finished building: ../src/helloworld.c'
' '
'Building target: part2.elf'
'Invoking: MicroBlaze gcc linker'
mb-gcc -Wl,-T -Wl,../src/lscript.ld -L../../part2_bsp/microblaze_0/lib -mlittle-endian -mcpu=v10.0 -mxl-soft-mul -Wl,--no-relax -Wl,--gc-sections -o "part2.elf"  ./src/helloworld.o ./src/platform.o   -Wl,--start-group,-lxil,-lgcc,-lc,--end-group
'Finished building target: part2.elf'
' '
'Invoking: MicroBlaze Print Size'
mb-size part2.elf  |tee "part2.elf.size"
   text	   data	    bss	    dec	    hex	filename
  24304	   1312	   3168	  28784	   7070	part2.elf
'Finished building: part2.elf.size'
' '
13:23:03 **** Incremental Build of configuration Debug for project part2 ****
make all 
make: Nothing to be done for `all'.
13:23:39 **** Auto Build of configuration Debug for project part2 ****
make all 
'Building file: ../src/helloworld.c'
'Invoking: MicroBlaze gcc compiler'
mb-gcc -Wall -O0 -g3 -c -fmessage-length=0 -MT"src/helloworld.o" -I../../part2_bsp/microblaze_0/include -mlittle-endian -mcpu=v10.0 -mxl-soft-mul -Wl,--no-relax -ffunction-sections -fdata-sections -MMD -MP -MF"src/helloworld.d" -MT"src/helloworld.o" -o "src/helloworld.o" "../src/helloworld.c"
../src/helloworld.c: In function 'main':
../src/helloworld.c:62:11: warning: suggest parentheses around assignment used as truth value [-Wparentheses]
     while(a = getchar()){
           ^
../src/helloworld.c:61:9: warning: unused variable 'i' [-Wunused-variable]
     int i = 0;
         ^
../src/helloworld.c:60:10: warning: unused variable 'buf' [-Wunused-variable]
     char buf[BUFF];
          ^~~
'Finished building: ../src/helloworld.c'
' '
'Building target: part2.elf'
'Invoking: MicroBlaze gcc linker'
[...]
   return paper;
          ^~~~~
../src/helloworld.c:53:10: warning: function returns address of local variable [-Wreturn-local-addr]
   return scissors;
          ^~~~~~~~
../src/helloworld.c:55:10: warning: function returns address of local variable [-Wreturn-local-addr]
   return invalid;
          ^~~~~~~
../src/helloworld.c: At top level:
../src/helloworld.c:73:13: error: conflicting types for 'generate_result'
 const char* generate_result(int keyboard, int keypad){
             ^~~~~~~~~~~~~~~
../src/helloworld.c:20:7: note: previous declaration of 'generate_result' was here
 char* generate_result(int keyboard, int keypad);
       ^~~~~~~~~~~~~~~
../src/helloworld.c: In function 'generate_result':
../src/helloworld.c:74:7: error: array size missing in 'result'
  char result[];
       ^~~~~~
../src/helloworld.c:83:10: error: assignment to expression with array type
   result += pc;
          ^~
../src/helloworld.c:84:6: error: assignment to expression with array type
   op += ">";
      ^~
../src/helloworld.c:87:10: error: assignment to expression with array type
   result += fpga;
          ^~
../src/helloworld.c:88:6: error: assignment to expression with array type
   op += "<";
      ^~
../src/helloworld.c:91:10: error: assignment to expression with array type
   result += draw;
          ^~
../src/helloworld.c:92:6: error: assignment to expression with array type
   op += "=";
      ^~
../src/helloworld.c:95:20: error: invalid initializer
  char pc_input[] = to_input(keyboard);
                    ^~~~~~~~
../src/helloworld.c:96:22: error: invalid initializer
  char fpga_input[] = to_input(keypad);
                      ^~~~~~~~
../src/helloworld.c:98:21: error: invalid operands to binary + (have 'char *' and 'char *')
  result += pc_input + op + fpga_input;
            ~~~~~~~~ ^
../src/helloworld.c:98:26: error: invalid operands to binary + (have 'char *' and 'char *')
  result += pc_input + op + fpga_input;
            ~~~~~~~~      ^
../src/helloworld.c:98:9: error: assignment to expression with array type
  result += pc_input + op + fpga_input;
         ^~
../src/helloworld.c:98:2: warning: statement with no effect [-Wunused-value]
  result += pc_input + op + fpga_input;
  ^~~~~~
../src/helloworld.c:100:9: warning: function returns address of local variable [-Wreturn-local-addr]
  return result;
         ^~~~~~
make: *** [src/helloworld.o] Error 1
15:05:53 **** Auto Build of configuration Debug for project part2 ****
make all 
'Building file: ../src/helloworld.c'
'Invoking: MicroBlaze gcc compiler'
mb-gcc -Wall -O0 -g3 -c -fmessage-length=0 -MT"src/helloworld.o" -I../../part2_bsp/microblaze_0/include -mlittle-endian -mcpu=v10.0 -mxl-soft-mul -Wl,--no-relax -ffunction-sections -fdata-sections -MMD -MP -MF"src/helloworld.d" -MT"src/helloworld.o" -o "src/helloworld.o" "../src/helloworld.c"
../src/helloworld.c: In function 'to_input':
../src/helloworld.c:49:10: warning: function returns address of local variable [-Wreturn-local-addr]
   return rock;
          ^~~~
../src/helloworld.c:51:10: warning: function returns address of local variable [-Wreturn-local-addr]
   return paper;
          ^~~~~
../src/helloworld.c:53:10: warning: function returns address of local variable [-Wreturn-local-addr]
   return scissors;
          ^~~~~~~~
../src/helloworld.c:55:10: warning: function returns address of local variable [-Wreturn-local-addr]
   return invalid;
          ^~~~~~~
../src/helloworld.c: In function 'generate_result':
../src/helloworld.c:83:10: error: invalid operands to binary + (have 'char *' and 'char *')
   result += pc;
          ^~ ~~
../src/helloworld.c:84:6: error: assignment to expression with array type
   op += ">";
      ^~
../src/helloworld.c:87:10: error: invalid operands to binary + (have 'char *' and 'char *')
   result += fpga;
          ^~ ~~~~
../src/helloworld.c:88:6: error: assignment to expression with array type
   op += "<";
      ^~
../src/helloworld.c:91:10: error: invalid operands to binary + (have 'char *' and 'char *')
   result += draw;
          ^~ ~~~~
../src/helloworld.c:92:6: error: assignment to expression with array type
   op += "=";
      ^~
../src/helloworld.c:95:20: error: invalid initializer
  char pc_input[] = to_input(keyboard);
                    ^~~~~~~~
../src/helloworld.c:96:22: error: invalid initializer
  char fpga_input[] = to_input(keypad);
                      ^~~~~~~~
../src/helloworld.c:98:21: error: invalid operands to binary + (have 'char *' and 'char *')
  result += pc_input + op + fpga_input;
            ~~~~~~~~ ^
../src/helloworld.c:98:26: error: invalid operands to binary + (have 'char *' and 'char *')
  result += pc_input + op + fpga_input;
            ~~~~~~~~      ^
../src/helloworld.c:98:9: error: invalid operands to binary + (have 'char *' and 'char *')
  result += pc_input + op + fpga_input;
         ^~ ~~~~~~~~
../src/helloworld.c:98:2: warning: statement with no effect [-Wunused-value]
  result += pc_input + op + fpga_input;
  ^~~~~~
make: *** [src/helloworld.o] Error 1
15:07:24 **** Auto Build of configuration Debug for project part2 ****
make all 
'Building file: ../src/helloworld.c'
'Invoking: MicroBlaze gcc compiler'
mb-gcc -Wall -O0 -g3 -c -fmessage-length=0 -MT"src/helloworld.o" -I../../part2_bsp/microblaze_0/include -mlittle-endian -mcpu=v10.0 -mxl-soft-mul -Wl,--no-relax -ffunction-sections -fdata-sections -MMD -MP -MF"src/helloworld.d" -MT"src/helloworld.o" -o "src/helloworld.o" "../src/helloworld.c"
../src/helloworld.c: In function 'to_input':
../src/helloworld.c:49:10: warning: function returns address of local variable [-Wreturn-local-addr]
   return rock;
          ^~~~
../src/helloworld.c:51:10: warning: function returns address of local variable [-Wreturn-local-addr]
   return paper;
          ^~~~~
../src/helloworld.c:53:10: warning: function returns address of local variable [-Wreturn-local-addr]
   return scissors;
          ^~~~~~~~
../src/helloworld.c:55:10: warning: function returns address of local variable [-Wreturn-local-addr]
   return invalid;
          ^~~~~~~
../src/helloworld.c: In function 'generate_result':
../src/helloworld.c:74:13: error: expected identifier or '(' before '[' token
  static char[] result;
             ^
../src/helloworld.c:83:3: error: 'result' undeclared (first use in this function)
   result += pc;
   ^~~~~~
../src/helloworld.c:83:3: note: each undeclared identifier is reported only once for each function it appears in
../src/helloworld.c:84:6: error: assignment to expression with array type
   op += ">";
      ^~
../src/helloworld.c:88:6: error: assignment to expression with array type
   op += "<";
      ^~
../src/helloworld.c:92:6: error: assignment to expression with array type
   op += "=";
      ^~
../src/helloworld.c:95:20: error: invalid initializer
  char pc_input[] = to_input(keyboard);
                    ^~~~~~~~
../src/helloworld.c:96:22: error: invalid initializer
  char fpga_input[] = to_input(keypad);
                      ^~~~~~~~
../src/helloworld.c:98:21: error: invalid operands to binary + (have 'char *' and 'char *')
  result += pc_input + op + fpga_input;
            ~~~~~~~~ ^
../src/helloworld.c:98:26: error: invalid operands to binary + (have 'char *' and 'char *')
  result += pc_input + op + fpga_input;
            ~~~~~~~~      ^
../src/helloworld.c:98:2: warning: statement with no effect [-Wunused-value]
  result += pc_input + op + fpga_input;
  ^~~~~~
make: *** [src/helloworld.o] Error 1
15:07:57 **** Auto Build of configuration Debug for project part2 ****
make all 
'Building file: ../src/helloworld.c'
'Invoking: MicroBlaze gcc compiler'
mb-gcc -Wall -O0 -g3 -c -fmessage-length=0 -MT"src/helloworld.o" -I../../part2_bsp/microblaze_0/include -mlittle-endian -mcpu=v10.0 -mxl-soft-mul -Wl,--no-relax -ffunction-sections -fdata-sections -MMD -MP -MF"src/helloworld.d" -MT"src/helloworld.o" -o "src/helloworld.o" "../src/helloworld.c"
../src/helloworld.c: In function 'to_input':
../src/helloworld.c:49:10: warning: function returns address of local variable [-Wreturn-local-addr]
   return rock;
          ^~~~
../src/helloworld.c:51:10: warning: function returns address of local variable [-Wreturn-local-addr]
   return paper;
          ^~~~~
../src/helloworld.c:53:10: warning: function returns address of local variable [-Wreturn-local-addr]
   return scissors;
          ^~~~~~~~
../src/helloworld.c:55:10: warning: function returns address of local variable [-Wreturn-local-addr]
   return invalid;
          ^~~~~~~
../src/helloworld.c: In function 'generate_result':
../src/helloworld.c:74:6: error: expected identifier or '(' before '[' token
  char[] result;
      ^
../src/helloworld.c:83:3: error: 'result' undeclared (first use in this function)
   result += pc;
   ^~~~~~
../src/helloworld.c:83:3: note: each undeclared identifier is reported only once for each function it appears in
../src/helloworld.c:84:6: error: assignment to expression with array type
   op += ">";
      ^~
../src/helloworld.c:88:6: error: assignment to expression with array type
   op += "<";
      ^~
../src/helloworld.c:92:6: error: assignment to expression with array type
   op += "=";
      ^~
../src/helloworld.c:95:20: error: invalid initializer
  char pc_input[] = to_input(keyboard);
                    ^~~~~~~~
../src/helloworld.c:96:22: error: invalid initializer
  char fpga_input[] = to_input(keypad);
                      ^~~~~~~~
../src/helloworld.c:98:21: error: invalid operands to binary + (have 'char *' and 'char *')
  result += pc_input + op + fpga_input;
            ~~~~~~~~ ^
../src/helloworld.c:98:26: error: invalid operands to binary + (have 'char *' and 'char *')
  result += pc_input + op + fpga_input;
            ~~~~~~~~      ^
../src/helloworld.c:98:2: warning: statement with no effect [-Wunused-value]
  result += pc_input + op + fpga_input;
  ^~~~~~
make: *** [src/helloworld.o] Error 1
15:10:14 **** Auto Build of configuration Debug for project part2 ****
make all 
'Building file: ../src/helloworld.c'
'Invoking: MicroBlaze gcc compiler'
mb-gcc -Wall -O0 -g3 -c -fmessage-length=0 -MT"src/helloworld.o" -I../../part2_bsp/microblaze_0/include -mlittle-endian -mcpu=v10.0 -mxl-soft-mul -Wl,--no-relax -ffunction-sections -fdata-sections -MMD -MP -MF"src/helloworld.d" -MT"src/helloworld.o" -o "src/helloworld.o" "../src/helloworld.c"
../src/helloworld.c: In function 'generate_result':
../src/helloworld.c:69:6: error: expected identifier or '(' before '[' token
  char[] result;
      ^
../src/helloworld.c:78:3: error: 'result' undeclared (first use in this function)
   result += pc;
   ^~~~~~
../src/helloworld.c:78:3: note: each undeclared identifier is reported only once for each function it appears in
../src/helloworld.c:79:6: error: assignment to expression with array type
   op += ">";
      ^~
../src/helloworld.c:83:6: error: assignment to expression with array type
   op += "<";
      ^~
../src/helloworld.c:87:6: error: assignment to expression with array type
   op += "=";
      ^~
../src/helloworld.c:90:20: error: too few arguments to function 'to_input'
  char pc_input[] = to_input(keyboard);
                    ^~~~~~~~
../src/helloworld.c:42:6: note: declared here
 void to_input(int x, char* input){
      ^~~~~~~~
../src/helloworld.c:91:22: error: too few arguments to function 'to_input'
  char fpga_input[] = to_input(keypad);
                      ^~~~~~~~
../src/helloworld.c:42:6: note: declared here
 void to_input(int x, char* input){
      ^~~~~~~~
../src/helloworld.c:91:22: error: invalid initializer
  char fpga_input[] = to_input(keypad);
                      ^~~~~~~~
../src/helloworld.c:93:21: error: invalid operands to binary + (have 'char *' and 'char *')
  result += pc_input + op + fpga_input;
            ~~~~~~~~ ^
../src/helloworld.c:93:26: error: invalid operands to binary + (have 'char *' and 'char *')
  result += pc_input + op + fpga_input;
            ~~~~~~~~      ^
../src/helloworld.c:93:2: warning: statement with no effect [-Wunused-value]
  result += pc_input + op + fpga_input;
  ^~~~~~
make: *** [src/helloworld.o] Error 1
15:11:14 **** Auto Build of configuration Debug for project part2 ****
make all 
'Building file: ../src/helloworld.c'
'Invoking: MicroBlaze gcc compiler'
mb-gcc -Wall -O0 -g3 -c -fmessage-length=0 -MT"src/helloworld.o" -I../../part2_bsp/microblaze_0/include -mlittle-endian -mcpu=v10.0 -mxl-soft-mul -Wl,--no-relax -ffunction-sections -fdata-sections -MMD -MP -MF"src/helloworld.d" -MT"src/helloworld.o" -o "src/helloworld.o" "../src/helloworld.c"
../src/helloworld.c: In function 'generate_result':
../src/helloworld.c:69:6: error: expected identifier or '(' before '[' token
  char[] result;
      ^
../src/helloworld.c:78:3: error: 'result' undeclared (first use in this function)
   result += pc;
   ^~~~~~
../src/helloworld.c:78:3: note: each undeclared identifier is reported only once for each function it appears in
../src/helloworld.c:79:6: error: assignment to expression with array type
   op += ">";
      ^~
../src/helloworld.c:83:6: error: assignment to expression with array type
   op += "<";
      ^~
../src/helloworld.c:87:6: error: assignment to expression with array type
   op += "=";
      ^~
../src/helloworld.c:95:21: error: invalid operands to binary + (have 'char *' and 'char *')
  result += pc_input + op + fpga_input;
            ~~~~~~~~ ^
../src/helloworld.c:98:1: warning: control reaches end of non-void function [-Wreturn-type]
 }
 ^
make: *** [src/helloworld.o] Error 1
15:12:05 **** Auto Build of configuration Debug for project part2 ****
make all 
'Building file: ../src/helloworld.c'
'Invoking: MicroBlaze gcc compiler'
mb-gcc -Wall -O0 -g3 -c -fmessage-length=0 -MT"src/helloworld.o" -I../../part2_bsp/microblaze_0/include -mlittle-endian -mcpu=v10.0 -mxl-soft-mul -Wl,--no-relax -ffunction-sections -fdata-sections -MMD -MP -MF"src/helloworld.d" -MT"src/helloworld.o" -o "src/helloworld.o" "../src/helloworld.c"
../src/helloworld.c:68:13: error: conflicting types for 'generate_result'
 const char* generate_result(int keyboard, int keypad, char* result){
             ^~~~~~~~~~~~~~~
../src/helloworld.c:20:13: note: previous declaration of 'generate_result' was here
 const char* generate_result(int keyboard, int keypad);
             ^~~~~~~~~~~~~~~
../src/helloworld.c: In function 'generate_result':
../src/helloworld.c:77:10: error: invalid operands to binary + (have 'char *' and 'char *')
   result += pc;
          ^~ ~~
../src/helloworld.c:78:6: error: assignment to expression with array type
   op = ">";
      ^
../src/helloworld.c:81:10: error: invalid operands to binary + (have 'char *' and 'char *')
   result += fpga;
          ^~ ~~~~
../src/helloworld.c:82:6: error: assignment to expression with array type
   op = "<";
      ^
../src/helloworld.c:85:10: error: invalid operands to binary + (have 'char *' and 'char *')
   result += draw;
          ^~ ~~~~
../src/helloworld.c:86:6: error: assignment to expression with array type
   op = "=";
      ^
../src/helloworld.c:94:21: error: invalid operands to binary + (have 'char *' and 'char *')
  result += pc_input + op + fpga_input;
            ~~~~~~~~ ^
make: *** [src/helloworld.o] Error 1
15:12:19 **** Auto Build of configuration Debug for project part2 ****
make all 
'Building file: ../src/helloworld.c'
'Invoking: MicroBlaze gcc compiler'
mb-gcc -Wall -O0 -g3 -c -fmessage-length=0 -MT"src/helloworld.o" -I../../part2_bsp/microblaze_0/include -mlittle-endian -mcpu=v10.0 -mxl-soft-mul -Wl,--no-relax -ffunction-sections -fdata-sections -MMD -MP -MF"src/helloworld.d" -MT"src/helloworld.o" -o "src/helloworld.o" "../src/helloworld.c"
../src/helloworld.c: In function 'generate_result':
../src/helloworld.c:77:10: error: invalid operands to binary + (have 'char *' and 'char *')
   result += pc;
          ^~ ~~
../src/helloworld.c:78:6: error: assignment to expression with array type
   op = ">";
      ^
../src/helloworld.c:81:10: error: invalid operands to binary + (have 'char *' and 'char *')
   result += fpga;
          ^~ ~~~~
../src/helloworld.c:82:6: error: assignment to expression with array type
   op = "<";
      ^
../src/helloworld.c:85:10: error: invalid operands to binary + (have 'char *' and 'char *')
   result += draw;
          ^~ ~~~~
../src/helloworld.c:86:6: error: assignment to expression with array type
   op = "=";
      ^
../src/helloworld.c:94:21: error: invalid operands to binary + (have 'char *' and 'char *')
  result += pc_input + op + fpga_input;
            ~~~~~~~~ ^
make: *** [src/helloworld.o] Error 1
15:14:50 **** Auto Build of configuration Debug for project part2 ****
make all 
'Building file: ../src/helloworld.c'
'Invoking: MicroBlaze gcc compiler'
mb-gcc -Wall -O0 -g3 -c -fmessage-length=0 -MT"src/helloworld.o" -I../../part2_bsp/microblaze_0/include -mlittle-endian -mcpu=v10.0 -mxl-soft-mul -Wl,--no-relax -ffunction-sections -fdata-sections -MMD -MP -MF"src/helloworld.d" -MT"src/helloworld.o" -o "src/helloworld.o" "../src/helloworld.c"
../src/helloworld.c: In function 'generate_result':
../src/helloworld.c:82:6: error: assignment to expression with array type
   op = "<";
      ^
../src/helloworld.c:85:10: error: invalid operands to binary + (have 'char *' and 'char *')
   result += draw;
          ^~ ~~~~
../src/helloworld.c:86:6: error: assignment to expression with array type
   op = "=";
      ^
../src/helloworld.c:94:21: error: invalid operands to binary + (have 'char *' and 'char *')
  result += pc_input + op + fpga_input;
            ~~~~~~~~ ^
make: *** [src/helloworld.o] Error 1
15:16:49 **** Auto Build of configuration Debug for project part2 ****
make all 
'Building file: ../src/helloworld.c'
'Invoking: MicroBlaze gcc compiler'
mb-gcc -Wall -O0 -g3 -c -fmessage-length=0 -MT"src/helloworld.o" -I../../part2_bsp/microblaze_0/include -mlittle-endian -mcpu=v10.0 -mxl-soft-mul -Wl,--no-relax -ffunction-sections -fdata-sections -MMD -MP -MF"src/helloworld.d" -MT"src/helloworld.o" -o "src/helloworld.o" "../src/helloworld.c"
../src/helloworld.c: In function 'generate_result':
../src/helloworld.c:95:2: warning: implicit declaration of function 'strcar'; did you mean 'strchr'? [-Wimplicit-function-declaration]
  strcar(result, op);
  ^~~~~~
  strchr
'Finished building: ../src/helloworld.c'
' '
'Building target: part2.elf'
'Invoking: MicroBlaze gcc linker'
mb-gcc -Wl,-T -Wl,../src/lscript.ld -L../../part2_bsp/microblaze_0/lib -mlittle-endian -mcpu=v10.0 -mxl-soft-mul -Wl,--no-relax -Wl,--gc-sections -o "part2.elf"  ./src/helloworld.o ./src/platform.o   -Wl,--start-group,-lxil,-lgcc,-lc,--end-group
'Finished building target: part2.elf'
' '
'Invoking: MicroBlaze Print Size'
mb-size part2.elf  |tee "part2.elf.size"
   text	   data	    bss	    dec	    hex	filename
  25260	   1312	   3196	  29768	   7448	part2.elf
'Finished building: part2.elf.size'
' '
15:16:59 **** Auto Build of configuration Debug for project part2 ****
make all 
'Building file: ../src/helloworld.c'
'Invoking: MicroBlaze gcc compiler'
mb-gcc -Wall -O0 -g3 -c -fmessage-length=0 -MT"src/helloworld.o" -I../../part2_bsp/microblaze_0/include -mlittle-endian -mcpu=v10.0 -mxl-soft-mul -Wl,--no-relax -ffunction-sections -fdata-sections -MMD -MP -MF"src/helloworld.d" -MT"src/helloworld.o" -o "src/helloworld.o" "../src/helloworld.c"
'Finished building: ../src/helloworld.c'
' '
'Building target: part2.elf'
'Invoking: MicroBlaze gcc linker'
mb-gcc -Wl,-T -Wl,../src/lscript.ld -L../../part2_bsp/microblaze_0/lib -mlittle-endian -mcpu=v10.0 -mxl-soft-mul -Wl,--no-relax -Wl,--gc-sections -o "part2.elf"  ./src/helloworld.o ./src/platform.o   -Wl,--start-group,-lxil,-lgcc,-lc,--end-group
'Finished building target: part2.elf'
' '
'Invoking: MicroBlaze Print Size'
mb-size part2.elf  |tee "part2.elf.size"
   text	   data	    bss	    dec	    hex	filename
  25260	   1312	   3196	  29768	   7448	part2.elf
'Finished building: part2.elf.size'
' '
